▶ Hakam: jami 606, tekshirilgan 0, navbatda 606 (model zai-glm-4.7)
[1-4/606] ... ok (shubhali jami: 0)
[5-8/606] ... ok (shubhali jami: 0)
[9-12/606] ... ok (shubhali jami: 0)
[13-16/606] ... ok (shubhali jami: 0)
[17-20/606] ... ok (shubhali jami: 0)
[21-24/606] ... ok (shubhali jami: 0)
[25-28/606] ... ok (shubhali jami: 0)
[29-32/606] ... ok (shubhali jami: 0)
[33-36/606] ... ok (shubhali jami: 0)
[37-40/606] ... ok (shubhali jami: 0)
[41-44/606] ... ok (shubhali jami: 1)
[45-48/606] ... ok (shubhali jami: 1)
[49-52/606] ... ok (shubhali jami: 1)
[53-56/606] ... ok (shubhali jami: 1)
[57-60/606] ... ok (shubhali jami: 1)
[61-64/606] ... ok (shubhali jami: 1)
[65-68/606] ... ok (shubhali jami: 1)
[69-72/606] ... ok (shubhali jami: 1)
[73-76/606] ... ok (shubhali jami: 1)
[77-80/606] ... ok (shubhali jami: 1)
[81-84/606] ... ok (shubhali jami: 1)
[85-88/606] ... ok (shubhali jami: 2)
[89-92/606] ... ok (shubhali jami: 2)
[93-96/606] ... ok (shubhali jami: 2)
[97-100/606] ... ok (shubhali jami: 2)
[101-104/606] ... ok (shubhali jami: 2)
[105-108/606] ... ok (shubhali jami: 2)
[109-112/606] ... ok (shubhali jami: 2)
[113-116/606] ... ok (shubhali jami: 2)
[117-120/606] ... ok (shubhali jami: 2)
[121-124/606] ... ok (shubhali jami: 2)
[125-128/606] ... ok (shubhali jami: 2)
[129-132/606] ... ok (shubhali jami: 2)
[133-136/606] ... ok (shubhali jami: 2)
[137-140/606] ... ok (shubhali jami: 2)
[141-144/606] ... ok (shubhali jami: 2)
[145-148/606] ... ok (shubhali jami: 2)
[149-152/606] ... ok (shubhali jami: 2)
[153-156/606] ... ok (shubhali jami: 2)
[157-160/606] ... ok (shubhali jami: 2)
[161-164/606] ... ok (shubhali jami: 2)
[165-168/606] ... ok (shubhali jami: 2)
[169-172/606] ... ok (shubhali jami: 2)
[173-176/606] ... ok (shubhali jami: 2)
[177-180/606] ... ok (shubhali jami: 2)
[181-184/606] ... ok (shubhali jami: 2)
[185-188/606] ... ok (shubhali jami: 2)
[189-192/606] ... ok (shubhali jami: 2)
[193-196/606] ... ok (shubhali jami: 2)
[197-200/606] ... ok (shubhali jami: 2)
[201-204/606] ... ok (shubhali jami: 2)
[205-208/606] ... ok (shubhali jami: 2)
[209-212/606] ... ok (shubhali jami: 2)
[213-216/606] ... ok (shubhali jami: 2)
[217-220/606] ... ok (shubhali jami: 2)
[221-224/606] ... ok (shubhali jami: 2)
[225-228/606] ... ok (shubhali jami: 2)
[229-232/606] ... ok (shubhali jami: 2)
[233-236/606] ... ok (shubhali jami: 2)
[237-240/606] ... ok (shubhali jami: 2)
[241-244/606] ... ok (shubhali jami: 2)
[245-248/606] ... ok (shubhali jami: 2)
[249-252/606] ... ok (shubhali jami: 2)
[253-256/606] ... ok (shubhali jami: 2)
[257-260/606] ... ok (shubhali jami: 2)
[261-264/606] ... ok (shubhali jami: 2)
[265-268/606] ... ok (shubhali jami: 2)
[269-272/606] ... ok (shubhali jami: 2)
[273-276/606] ... ok (shubhali jami: 2)
[277-280/606] ... ok (shubhali jami: 2)
[281-284/606] ... ok (shubhali jami: 2)
[285-288/606] ... ok (shubhali jami: 2)
[289-292/606] ... ok (shubhali jami: 2)
[293-296/606] ... ok (shubhali jami: 2)
[297-300/606] ... ok (shubhali jami: 2)
[301-304/606] ... ok (shubhali jami: 2)
[305-308/606] ... ok (shubhali jami: 2)
[309-312/606] ... ok (shubhali jami: 2)
[313-316/606] ... ok (shubhali jami: 2)
[317-320/606] ... ok (shubhali jami: 2)
[321-324/606] ... ok (shubhali jami: 2)
[325-328/606] ... ok (shubhali jami: 2)
[329-332/606] ... ok (shubhali jami: 2)
[333-336/606] ... ok (shubhali jami: 2)
[337-340/606] ... ok (shubhali jami: 2)
[341-344/606] ... ok (shubhali jami: 2)
[345-348/606] ... ok (shubhali jami: 2)
[349-352/606] ... ok (shubhali jami: 2)
[353-356/606] ... ok (shubhali jami: 2)
[357-360/606] ... ok (shubhali jami: 2)
[361-364/606] ... ok (shubhali jami: 2)
[365-368/606] ... ok (shubhali jami: 3)
[369-372/606] ... ok (shubhali jami: 3)
[373-376/606] ... ok (shubhali jami: 3)
[377-380/606] ... ok (shubhali jami: 3)
[381-384/606] ... ok (shubhali jami: 3)
[385-388/606] ... ok (shubhali jami: 3)
[389-392/606] ... ok (shubhali jami: 3)
[393-396/606] ... ok (shubhali jami: 3)
[397-400/606] ... ok (shubhali jami: 3)
[401-404/606] ... ok (shubhali jami: 3)
[405-408/606] ... ok (shubhali jami: 3)
[409-412/606] ... ok (shubhali jami: 3)
[413-416/606] ... ok (shubhali jami: 3)
[417-420/606] ... ok (shubhali jami: 3)
[421-424/606] ... ok (shubhali jami: 3)
[425-428/606] ... ok (shubhali jami: 3)
[429-432/606] ... ok (shubhali jami: 3)
[433-436/606] ... ok (shubhali jami: 3)
[437-440/606] ... ok (shubhali jami: 3)
[441-444/606] ... ok (shubhali jami: 3)
[445-448/606] ... ok (shubhali jami: 3)
[449-452/606] ... ok (shubhali jami: 3)
[453-456/606] ... ok (shubhali jami: 3)
[457-460/606] ... ok (shubhali jami: 3)
[461-464/606] ... ok (shubhali jami: 3)
[465-468/606] ... ok (shubhali jami: 3)
[469-472/606] ... ok (shubhali jami: 3)
[473-476/606] ... ok (shubhali jami: 3)
[477-480/606] ... ok (shubhali jami: 3)
[481-484/606] ... ok (shubhali jami: 3)
[485-488/606] ... ok (shubhali jami: 3)
[489-492/606] ... ok (shubhali jami: 3)
[493-496/606] ... ok (shubhali jami: 3)
[497-500/606] ... ok (shubhali jami: 3)
[501-504/606] ... ok (shubhali jami: 3)
[505-508/606] ... ok (shubhali jami: 3)
[509-512/606] ... ok (shubhali jami: 3)
[513-516/606] ... ok (shubhali jami: 3)
[517-520/606] ... ok (shubhali jami: 3)
[521-524/606] ... ok (shubhali jami: 3)
[525-528/606] ... ok (shubhali jami: 3)
[529-532/606] ... ok (shubhali jami: 3)
[533-536/606] ... ok (shubhali jami: 3)
[537-540/606] ... ok (shubhali jami: 3)
[541-544/606] ... ok (shubhali jami: 3)
[545-548/606] ... ok (shubhali jami: 3)
[549-552/606] ... ok (shubhali jami: 3)
[553-556/606] ... ok (shubhali jami: 3)
[557-560/606] ... ok (shubhali jami: 3)
[561-564/606] ... ok (shubhali jami: 3)
[565-568/606] ... ok (shubhali jami: 3)
[569-572/606] ... ok (shubhali jami: 3)
[573-576/606] ... ok (shubhali jami: 3)
[577-580/606] ... ok (shubhali jami: 3)
[581-584/606] ... ok (shubhali jami: 3)
[585-588/606] ... ok (shubhali jami: 3)
[589-592/606] ... ok (shubhali jami: 3)
[593-596/606] ... ok (shubhali jami: 3)
[597-600/606] ... ok (shubhali jami: 3)
[601-604/606] ... ok (shubhali jami: 3)
[605-606/606] ... ok (shubhali jami: 3)

✓ Tekshirildi: 606/606 | SHUBHALI: 3
Hisobot: pipeline/verify_report_mtt_tarbiyachi_pk.json

--- SHUBHALILAR (birinchi 20) ---
✗ id=43: Tavsif etilgan jarayon (maxsus misollardan umumiy xususiyatlarni ajratib chiqish va umumlashtirish orqali tushuncha berish) 'Induksiya' uslubiga xosdir. 'Analogiya' esa bir ob'ektning xususiyatini ikkinchi ob'ektga o'tkazish asosida ishlaydi. Shuning uchun belgilangan javob noto'g'ri.
   Tarbiyacha bolalarga 'Sug'urta' (qafas) tushunchasini tushuntirish uchun avval q
✗ id=87: a, d va e mulohazalari hammasi to'g'ri bo'lib, javob variantlarida A (a, d) va C (a, e) ikkalasi ham to'g'ri variantlarni o'z ichiga oladi.
   Mezonli baholash tizimini joriy etishga oid to'g'ri mulohazalarni belgilang:
a) 
✗ id=365: Favqulodda vaziyatda inson hayoti (bolalar xavfsizligi) eng yuqori ustuvorlikka ega. Avval bolalarni xavfsiz joyga olib chiqish (1), keyin manbani o'chirish (2) kerak. Belgilangan B javobi (2, 1, 3, 4) xavfsizlik qoidalariga zid.
   Bolalar yashash xonasida elektr tokisi qisqa tutashib, kichik yong'in sodir bo'l
