▶ Hakam: jami 603, tekshirilgan 0, navbatda 603 (model zai-glm-4.7)
[1-5/603] ... ok (shubhali jami: 0)
[6-10/603] ... ok (shubhali jami: 0)
[11-15/603] ... ok (shubhali jami: 0)
[16-20/603] ... ok (shubhali jami: 1)
[21-25/603] ... ok (shubhali jami: 1)
[26-30/603] ... ok (shubhali jami: 1)
[31-35/603] ... ok (shubhali jami: 1)
[36-40/603] ... ok (shubhali jami: 1)
[41-45/603] ... ok (shubhali jami: 1)
[46-50/603] ... ok (shubhali jami: 2)
[51-55/603] ... ok (shubhali jami: 2)
[56-60/603] ... ok (shubhali jami: 2)
[61-65/603] ... ok (shubhali jami: 2)
[66-70/603] ... ok (shubhali jami: 2)
[71-75/603] ... ok (shubhali jami: 2)
[76-80/603] ... ok (shubhali jami: 2)
[81-85/603] ... ok (shubhali jami: 2)
[86-90/603] ... ok (shubhali jami: 2)
[91-95/603] ... ok (shubhali jami: 2)
[96-100/603] ... ok (shubhali jami: 2)
[101-105/603] ... ok (shubhali jami: 2)
[106-110/603] ... ok (shubhali jami: 2)
[111-115/603] ... ok (shubhali jami: 2)
[116-120/603] ... ok (shubhali jami: 2)
[121-125/603] ... ok (shubhali jami: 2)
[126-130/603] ... ok (shubhali jami: 2)
[131-135/603] ... ok (shubhali jami: 2)
[136-140/603] ... ok (shubhali jami: 2)
[141-145/603] ... ok (shubhali jami: 2)
[146-150/603] ... ok (shubhali jami: 2)
[151-155/603] ... ok (shubhali jami: 2)
[156-160/603] ... ok (shubhali jami: 2)
[161-165/603] ... ok (shubhali jami: 2)
[166-170/603] ... ok (shubhali jami: 2)
[171-175/603] ... ok (shubhali jami: 2)
[176-180/603] ... ok (shubhali jami: 2)
[181-185/603] ... ok (shubhali jami: 2)
[186-190/603] ... ok (shubhali jami: 2)
[191-195/603] ... ok (shubhali jami: 2)
[196-200/603] ... ok (shubhali jami: 2)
[201-205/603] ... ok (shubhali jami: 2)
[206-210/603] ... ok (shubhali jami: 2)
[211-215/603] ... ok (shubhali jami: 2)
[216-220/603] ... ok (shubhali jami: 2)
[221-225/603] ... ok (shubhali jami: 2)
[226-230/603] ... ok (shubhali jami: 2)
[231-235/603] ... ok (shubhali jami: 2)
[236-240/603] ... ok (shubhali jami: 2)
[241-245/603] ... ok (shubhali jami: 2)
[246-250/603] ... ok (shubhali jami: 3)
[251-255/603] ... ok (shubhali jami: 3)
[256-260/603] ... ok (shubhali jami: 3)
[261-265/603] ... ok (shubhali jami: 3)
[266-270/603] ... ok (shubhali jami: 3)
[271-275/603] ... ok (shubhali jami: 3)
[276-280/603] ... ok (shubhali jami: 3)
[281-285/603] ... ok (shubhali jami: 3)
[286-290/603] ... ok (shubhali jami: 3)
[291-295/603] ... ok (shubhali jami: 3)
[296-300/603] ... ok (shubhali jami: 3)
[301-305/603] ... ok (shubhali jami: 3)
[306-310/603] ... ok (shubhali jami: 3)
[311-315/603] ... ok (shubhali jami: 3)
[316-320/603] ... ok (shubhali jami: 3)
[321-325/603] ... ok (shubhali jami: 3)
[326-330/603] ... ok (shubhali jami: 3)
[331-335/603] ... ok (shubhali jami: 4)
[336-340/603] ... ok (shubhali jami: 4)
[341-345/603] ... ok (shubhali jami: 4)
[346-350/603] ... ok (shubhali jami: 4)
[351-355/603] ... ok (shubhali jami: 4)
[356-360/603] ... ok (shubhali jami: 4)
[361-365/603] ... ok (shubhali jami: 4)
[366-370/603] ... ok (shubhali jami: 4)
[371-375/603] ... ok (shubhali jami: 4)
[376-380/603] ... ok (shubhali jami: 4)
[381-385/603] ... ok (shubhali jami: 4)
[386-390/603] ... ok (shubhali jami: 4)
[391-395/603] ... ok (shubhali jami: 4)
[396-400/603] ... ok (shubhali jami: 4)
[401-405/603] ... ok (shubhali jami: 4)
[406-410/603] ... ok (shubhali jami: 4)
[411-415/603] ... ok (shubhali jami: 4)
[416-420/603] ... ok (shubhali jami: 5)
[421-425/603] ... ok (shubhali jami: 5)
[426-430/603] ... ok (shubhali jami: 5)
[431-435/603] ... ok (shubhali jami: 5)
[436-440/603] ... ok (shubhali jami: 6)
[441-445/603] ... ok (shubhali jami: 6)
[446-450/603] ... ok (shubhali jami: 6)
[451-455/603] ... ok (shubhali jami: 6)
[456-460/603] ... ok (shubhali jami: 6)
[461-465/603] ... ok (shubhali jami: 6)
[466-470/603] ... ok (shubhali jami: 6)
[471-475/603] ... ok (shubhali jami: 6)
[476-480/603] ... ok (shubhali jami: 6)
[481-485/603] ... ok (shubhali jami: 6)
[486-490/603] ... ok (shubhali jami: 6)
[491-495/603] ... ok (shubhali jami: 6)
[496-500/603] ... ok (shubhali jami: 6)
[501-505/603] ... ok (shubhali jami: 6)
[506-510/603] ... ok (shubhali jami: 6)
[511-515/603] ... ok (shubhali jami: 6)
[516-520/603] ... ok (shubhali jami: 6)
[521-525/603] ... ok (shubhali jami: 6)
[526-530/603] ... ok (shubhali jami: 6)
[531-535/603] ... ok (shubhali jami: 6)
[536-540/603] ... ok (shubhali jami: 6)
[541-545/603] ... ok (shubhali jami: 6)
[546-550/603] ... ok (shubhali jami: 6)
[551-555/603] ... ok (shubhali jami: 6)
[556-560/603] ... ok (shubhali jami: 6)
[561-565/603] ... ok (shubhali jami: 7)
[566-570/603] ... ok (shubhali jami: 7)
[571-575/603] ... ok (shubhali jami: 7)
[576-580/603] ... ok (shubhali jami: 7)
[581-585/603] ... ok (shubhali jami: 7)
[586-590/603] ... ok (shubhali jami: 7)
[591-595/603] ... ok (shubhali jami: 7)
[596-600/603] ... ok (shubhali jami: 7)
[601-603/603] ... ok (shubhali jami: 7)

✓ Tekshirildi: 603/603 | SHUBHALI: 7
Hisobot: pipeline/verify_report_mtt_logoped_pedkasb.json

--- SHUBHALILAR (birinchi 20) ---
✗ id=19: Logopedikada bir nechta maqsad va vazifalarni (masalan, artikulyasiya, tovush avtomatizatsiyasi va bog'lanma nutq) birlashtirgan dars turi odatda 'Kombinatsiyalashgan dars' deb ataladi. 'Aralash dars' termini bu kontekstda standart terminologiyaga mos kelmaydi.
   Logopedik mashg'ulotda bir nechta vazifa bir vaqtda hal qilinmoqda: boshida arti
✗ id=47: Mashqlarning 'qisqa vaqt' (5-7 daqiqa) davom etishi tavsiyasi bola e'tiborining yoshga xos xususiyati bilan bog'liq bo'lib, bu asosan 'Yoshga moslik' (D) tamoyiliga mos keladi. 'Chidamlilik' (B) tamoyili bilimlarning mustahkamligiga qaratilgan bo'lib, izohda 'chidamlilik' tushunchasi 'e'tibor' bilan noto'g'ri bog'langan.
   Logoped ota-onaga uy sharoitida bola bilan ishlash uchun tavsiyanoma berayotgand
✗ id=249: Savol matnida 'S' tovushini o'rgatish uchun 'Qoshiq, Shirin, Shol, Shakar' (Sh tovushli) so'zlari noto'g'ri misol sifatida keltirilgan.
   Logoped o'quvchiga 'S' tovushini o'rgatish uchun avval somon, suzuvchi, qoshiq k
✗ id=331: Logopedik ishda individual yondashuv tamoyiliga ko'ra, o'quvchining ehtiyojlari va xususiyatlarini aniqlash (diagnostika) rejalashtirishdan oldin kelishi shart. D javobida 'reja ishlab chiqish' (2) 'ehtiyojlarni aniqlash' (1) dan oldin qo'yilgan, bu pedagogik jihatdan noto'g'ri. To'g'ri ketma-ketlik 1 dan boshlanishi kerak (masalan, 1, 3, 2, 4).
   Logoped tomonidan o'quv jarayonini rejalashtirish bo'yicha bajariladigan harakat
✗ id=418: Masala yechish metodologiyasida analitik usul maqsad (natija)dan boshlanib vositalarga borishni (orqaga qarab o'ylash), sintetik usul esa vositalardan maqsadga borishni (oldinga qarab o'ylash) anglatadi. Savoldagi jarayon (maqsad -> vositalar) analitik usulga mos keladi, belgilangan javob va izohdagi ta'rif noto'g'ri.
   Logoped o'quvchining nutqidagi "duduqlanish" muammosini hal qilmoqchi. U avvalo 
✗ id=436: Guruhli mashg'ulotning kamchiligi sifatida ko'rsatilgan 'jamoaviy ishlash ko'nikmalarining yetarlicha rivojlanmasligi' (d varianti) noto'g'ri, chunki guruhli ish aynan jamoaviylik va hamkorlikni rivojlantirishga xizmat qiladi.
   Logoped kichik guruhli mashg'ulot o'tkazmoqda. Ushbu tashkil etish shaklining mu
✗ id=563: Mantiqiy xato. Hamkorlik strategiyasi (4) manfaatlarning o'zaro tan olinishi (1) asosida quriladi. To'g'ri ketma-ketlik: 3, 1, 4, 2 (Variant C).
   Logopedning ota-onalar va mutaxassislar bilan samarali hamkorlik strategiyasini 
