▶ Hakam: jami 606, tekshirilgan 0, navbatda 606 (model zai-glm-4.7)
[1-4/606] ... ok (shubhali jami: 0)
[5-8/606] ... ok (shubhali jami: 0)
[9-12/606] ... ok (shubhali jami: 0)
[13-16/606] ... ok (shubhali jami: 0)
[17-20/606] ... ok (shubhali jami: 0)
[21-24/606] ... ok (shubhali jami: 0)
[25-28/606] ... ok (shubhali jami: 0)
[29-32/606] ... ok (shubhali jami: 0)
[33-36/606] ... ok (shubhali jami: 0)
[37-40/606] ... ok (shubhali jami: 0)
[41-44/606] ... ok (shubhali jami: 0)
[45-48/606] ... ok (shubhali jami: 0)
[49-52/606] ... ok (shubhali jami: 0)
[53-56/606] ... ok (shubhali jami: 0)
[57-60/606] ... ok (shubhali jami: 0)
[61-64/606] ... ok (shubhali jami: 0)
[65-68/606] ... ok (shubhali jami: 0)
[69-72/606] ... ok (shubhali jami: 0)
[73-76/606] ... ok (shubhali jami: 0)
[77-80/606] ... ok (shubhali jami: 0)
[81-84/606] ... ok (shubhali jami: 1)
[85-88/606] ... ok (shubhali jami: 1)
[89-92/606] ... ok (shubhali jami: 1)
[93-96/606] ... ok (shubhali jami: 1)
[97-100/606] ... ok (shubhali jami: 1)
[101-104/606] ... ok (shubhali jami: 1)
[105-108/606] ... ok (shubhali jami: 1)
[109-112/606] ... ok (shubhali jami: 1)
[113-116/606] ... ok (shubhali jami: 1)
[117-120/606] ... ok (shubhali jami: 1)
[121-124/606] ... ok (shubhali jami: 1)
[125-128/606] ... ok (shubhali jami: 1)
[129-132/606] ... ok (shubhali jami: 1)
[133-136/606] ... ok (shubhali jami: 1)
[137-140/606] ... ok (shubhali jami: 1)
[141-144/606] ... ok (shubhali jami: 1)
[145-148/606] ... ok (shubhali jami: 1)
[149-152/606] ... ok (shubhali jami: 1)
[153-156/606] ... ok (shubhali jami: 1)
[157-160/606] ... ok (shubhali jami: 1)
[161-164/606] ... ok (shubhali jami: 1)
[165-168/606] ... ok (shubhali jami: 1)
[169-172/606] ... ok (shubhali jami: 1)
[173-176/606] ... ok (shubhali jami: 1)
[177-180/606] ... ok (shubhali jami: 1)
[181-184/606] ... ok (shubhali jami: 1)
[185-188/606] ... ok (shubhali jami: 1)
[189-192/606] ... ok (shubhali jami: 1)
[193-196/606] ... ok (shubhali jami: 1)
[197-200/606] ... ok (shubhali jami: 1)
[201-204/606] ... ok (shubhali jami: 1)
[205-208/606] ... ok (shubhali jami: 2)
[209-212/606] ... ok (shubhali jami: 2)
[213-216/606] ... ok (shubhali jami: 2)
[217-220/606] ... ok (shubhali jami: 2)
[221-224/606] ... ok (shubhali jami: 2)
[225-228/606] ... ok (shubhali jami: 2)
[229-232/606] ... ok (shubhali jami: 2)
[233-236/606] ... ok (shubhali jami: 2)
[237-240/606] ... ok (shubhali jami: 2)
[241-244/606] ... ok (shubhali jami: 2)
[245-248/606] ... ok (shubhali jami: 2)
[249-252/606] ... ok (shubhali jami: 2)
[253-256/606] ... ok (shubhali jami: 2)
[257-260/606] ... ok (shubhali jami: 2)
[261-264/606] ... ok (shubhali jami: 2)
[265-268/606] ... ok (shubhali jami: 2)
[269-272/606] ... ok (shubhali jami: 2)
[273-276/606] ... ok (shubhali jami: 2)
[277-280/606] ... ok (shubhali jami: 2)
[281-284/606] ... ok (shubhali jami: 2)
[285-288/606] ... ok (shubhali jami: 2)
[289-292/606] ... ok (shubhali jami: 2)
[293-296/606] ... ok (shubhali jami: 2)
[297-300/606] ... ok (shubhali jami: 2)
[301-304/606] ... ok (shubhali jami: 2)
[305-308/606] ... ok (shubhali jami: 2)
[309-312/606] ... ok (shubhali jami: 2)
[313-316/606] ... ok (shubhali jami: 2)
[317-320/606] ... ok (shubhali jami: 2)
[321-324/606] ... ok (shubhali jami: 2)
[325-328/606] ... ok (shubhali jami: 2)
[329-332/606] ... ok (shubhali jami: 2)
[333-336/606] ... ok (shubhali jami: 2)
[337-340/606] ... ok (shubhali jami: 2)
[341-344/606] ... ok (shubhali jami: 2)
[345-348/606] ... ok (shubhali jami: 2)
[349-352/606] ... ok (shubhali jami: 3)
[353-356/606] ... ok (shubhali jami: 3)
[357-360/606] ... ok (shubhali jami: 3)
[361-364/606] ... ok (shubhali jami: 3)
[365-368/606] ... ok (shubhali jami: 3)
[369-372/606] ... ok (shubhali jami: 3)
[373-376/606] ... ok (shubhali jami: 3)
[377-380/606] ... ok (shubhali jami: 3)
[381-384/606] ... ok (shubhali jami: 3)
[385-388/606] ... ok (shubhali jami: 3)
[389-392/606] ... ok (shubhali jami: 3)
[393-396/606] ... ok (shubhali jami: 3)
[397-400/606] ... ok (shubhali jami: 3)
[401-404/606] ... ok (shubhali jami: 3)
[405-408/606] ... ok (shubhali jami: 3)
[409-412/606] ... ok (shubhali jami: 3)
[413-416/606] ... ok (shubhali jami: 3)
[417-420/606] ... ok (shubhali jami: 3)
[421-424/606] ... ok (shubhali jami: 3)
[425-428/606] ... ok (shubhali jami: 3)
[429-432/606] ... ok (shubhali jami: 3)
[433-436/606] ... ok (shubhali jami: 3)
[437-440/606] ... ok (shubhali jami: 3)
[441-444/606] ... ok (shubhali jami: 3)
[445-448/606] ... ok (shubhali jami: 3)
[449-452/606] ... ok (shubhali jami: 3)
[453-456/606] ... ok (shubhali jami: 3)
[457-460/606] ... ok (shubhali jami: 3)
[461-464/606] ... ok (shubhali jami: 3)
[465-468/606] ... ok (shubhali jami: 3)
[469-472/606] ... ok (shubhali jami: 3)
[473-476/606] ... ok (shubhali jami: 3)
[477-480/606] ... ok (shubhali jami: 3)
[481-484/606] ... ok (shubhali jami: 3)
[485-488/606] ... ok (shubhali jami: 3)
[489-492/606] ... ok (shubhali jami: 3)
[493-496/606] ... ok (shubhali jami: 3)
[497-500/606] ... ok (shubhali jami: 3)
[501-504/606] ... ok (shubhali jami: 3)
[505-508/606] ... ok (shubhali jami: 4)
[509-512/606] ... ok (shubhali jami: 4)
[513-516/606] ... ok (shubhali jami: 4)
[517-520/606] ... ok (shubhali jami: 5)
[521-524/606] ... ok (shubhali jami: 5)
[525-528/606] ... ok (shubhali jami: 5)
[529-532/606] ... ok (shubhali jami: 5)
[533-536/606] ... ok (shubhali jami: 5)
[537-540/606] ... ok (shubhali jami: 5)
[541-544/606] ... ok (shubhali jami: 5)
[545-548/606] ... ok (shubhali jami: 5)
[549-552/606] ... ok (shubhali jami: 5)
[553-556/606] ... ok (shubhali jami: 5)
[557-560/606] ... ok (shubhali jami: 5)
[561-564/606] ... ok (shubhali jami: 5)
[565-568/606] ... ok (shubhali jami: 5)
[569-572/606] ... ok (shubhali jami: 5)
[573-576/606] ... ok (shubhali jami: 5)
[577-580/606] ... ok (shubhali jami: 5)
[581-584/606] ... ok (shubhali jami: 5)
[585-588/606] ... ok (shubhali jami: 5)
[589-592/606] ... ok (shubhali jami: 5)
[593-596/606] ... ok (shubhali jami: 5)
[597-600/606] ... ok (shubhali jami: 6)
[601-604/606] ... ok (shubhali jami: 6)
[605-606/606] ... ok (shubhali jami: 6)

✓ Tekshirildi: 606/606 | SHUBHALI: 6
Hisobot: pipeline/verify_report_mtt_rahbar_pk.json

--- SHUBHALILAR (birinchi 20) ---
✗ id=83: Barcha bayonotlar (a, b, d, e) mazmunan to'g'ri ekanligi sababli, ularning har qanday juftligi (A, B, C, D variantlari) to'g'ri javob bo'lishi mumkin.
   Kasb standartidagi 'Ta'lim va tarbiya jarayonini boshqarish' yo'nalishi bo'yicha
✗ id=207: Savol matnida ikkita vazifa ('Tarbiyaviy faoliyatni tashkil etish' va 'Xavfsiz rivojlantiruvchi ta'lim muhitini yaratish') ko'rsatilgan, ammo javobda faqat ikkinchi vazifaga oid amallar (a, d) to'g'ri deb qabul qilingan. Birinchi vazifaga oid amallar (b, e) javob tarkibiga kiritilmagan, bu mantiqiy xatolik.
   "Tarbiyaviy faoliyatni tashkil etish" va "Xavfsiz rivojlantiruvchi ta'lim muhiti
✗ id=352: Savol matnida faktik xato mavjud: 'Chumoli va bo'ri' degan ertak yo'q, odatda 'Chumoli va chigirtka' ertagi keltiriladi.
   Tarbiyachi bolalarga 'Mehnatkashlik' tushunchasini tushuntirish uchun, ularning 
✗ id=508: Savolda tasvirlangan jarayon (namoyish qilish va oddiydan murakkabga o'tish) 'analogiya' usuliga emas, balki 'ko'rgazmalilik' usuliga yoki 'oddiydan murakkabga' tamoyiliga mos keladi. Analogiya o'xshashlikka asoslangan bo'lishi kerak, bu yerda esa kvadrat uychaning tarkibiy qismi sifatida ishlatilmoqda.
   Konstruktor yig'ish mashg'ulotida tarbiyachi avval bolalarga oddiq kvadrat shakl
✗ id=517: An'anaviy pedagogikada dars maqsadini aniqlash (2) odatda o'quvchilarning tayyorligini tekshirish (4) jarayonidan keyin yoki uning davomida sodir bo'ladi. O'quvchilar tayyorligini tekshirmasdan (masalan, uy vazifasini tekshirmasdan) dars maqsadini belgilash mantiqan to'g'ri kelmaydi. To'g'ri ketma-ketlik: 4 (tayyorlikni tekshirish) -> 2 (maqsad) -> 1 (yangi bilim) -> 3 (mustahkamlash), ya'ni A variant to'g'riroq.
   Zamonaviy pedagogikada dars mashg'ulotining mantiqiy bosqichlarini to'g'ri ketma
✗ id=598: Variant B (1-B, 2-D, 3-C, 4-A) mantiqan aniqroq: 'Bolalar o'yini jarayoni' (3) 'Milliy urf-odatlar va o'yinlarni jamoa o'yiniga kiritish' (C) bilan, 'Milliy taomlar kuni' (1) esa 'Har bir madaniyatning an'analarini hurmat bilan yondashish' (B) bilan bevosita mos keladi.
   Madaniyatlararo kompetensiyaga oid vaziyatlarni pedagogning tegishli harakatlari
