▶ Hakam: jami 3012, tekshirilgan 10, navbatda 3002 (model zai-glm-4.7)
[1-5/3002] ... ok (shubhali jami: 0)
[6-10/3002] ... ok (shubhali jami: 0)
[11-15/3002] ... ok (shubhali jami: 0)
[16-20/3002] ... ok (shubhali jami: 0)
[21-25/3002] ... ok (shubhali jami: 0)
[26-30/3002] ... ok (shubhali jami: 0)
[31-35/3002] ... ok (shubhali jami: 1)
[36-40/3002] ... ok (shubhali jami: 2)
[41-45/3002] ... ok (shubhali jami: 2)
[46-50/3002] ... ok (shubhali jami: 2)
[51-55/3002] ... ok (shubhali jami: 2)
[56-60/3002] ... ok (shubhali jami: 2)
[61-65/3002] ... ok (shubhali jami: 2)
[66-70/3002] ... ok (shubhali jami: 2)
[71-75/3002] ... ok (shubhali jami: 2)
[76-80/3002] ... ok (shubhali jami: 2)
[81-85/3002] ... ok (shubhali jami: 2)
[86-90/3002] ... ok (shubhali jami: 3)
[91-95/3002] ... ok (shubhali jami: 3)
[96-100/3002] ... ok (shubhali jami: 3)
[101-105/3002] ... ok (shubhali jami: 3)
[106-110/3002] ... ok (shubhali jami: 3)
[111-115/3002] ... ok (shubhali jami: 3)
[116-120/3002] ... ok (shubhali jami: 3)
[121-125/3002] ... ▶ Hakam: jami 3012, tekshirilgan 130, navbatda 2882 (model zai-glm-4.7)
[1-5/2882] ... ok (shubhali jami: 3)
[6-10/2882] ... ok (shubhali jami: 3)
[11-15/2882] ... ok (shubhali jami: 3)
[16-20/2882] ... ok (shubhali jami: 5)
[21-25/2882] ... ok (shubhali jami: 6)
[26-30/2882] ... ok (shubhali jami: 6)
[31-35/2882] ... ok (shubhali jami: 6)
[36-40/2882] ... ok (shubhali jami: 6)
[41-45/2882] ... ok (shubhali jami: 6)
[46-50/2882] ... ok (shubhali jami: 6)
[51-55/2882] ... ok (shubhali jami: 6)
[56-60/2882] ... ok (shubhali jami: 6)
[61-65/2882] ... ok (shubhali jami: 7)
[66-70/2882] ... ok (shubhali jami: 7)
[71-75/2882] ... ok (shubhali jami: 7)
[76-80/2882] ... ok (shubhali jami: 7)
[81-85/2882] ... ok (shubhali jami: 8)
[86-90/2882] ... ok (shubhali jami: 8)
[91-95/2882] ... ok (shubhali jami: 8)
[96-100/2882] ... ok (shubhali jami: 8)
[101-105/2882] ... ok (shubhali jami: 8)
[106-110/2882] ... ok (shubhali jami: 8)
[111-115/2882] ... ok (shubhali jami: 9)
[116-120/2882] ... ok (shubhali jami: 9)
[121-125/2882] ... ok (shubhali jami: 9)
[126-130/2882] ... ok (shubhali jami: 9)
[131-135/2882] ... ok (shubhali jami: 10)
[136-140/2882] ... ok (shubhali jami: 10)
[141-145/2882] ... ok (shubhali jami: 10)
[146-150/2882] ... ok (shubhali jami: 10)
[151-155/2882] ... ok (shubhali jami: 11)
[156-160/2882] ... ok (shubhali jami: 11)
[161-165/2882] ... ok (shubhali jami: 11)
[166-170/2882] ... ok (shubhali jami: 11)
[171-175/2882] ... ok (shubhali jami: 11)
[176-180/2882] ... ok (shubhali jami: 12)
[181-185/2882] ... ok (shubhali jami: 12)
[186-190/2882] ... ok (shubhali jami: 12)
[191-195/2882] ... ok (shubhali jami: 12)
[196-200/2882] ... ok (shubhali jami: 12)
[201-205/2882] ... ok (shubhali jami: 12)
[206-210/2882] ... ok (shubhali jami: 12)
[211-215/2882] ... ok (shubhali jami: 12)
[216-220/2882] ... ok (shubhali jami: 12)
[221-225/2882] ... ok (shubhali jami: 12)
[226-230/2882] ... ok (shubhali jami: 13)
[231-235/2882] ... ok (shubhali jami: 14)
[236-240/2882] ... ok (shubhali jami: 14)
[241-245/2882] ... ok (shubhali jami: 14)
[246-250/2882] ... ok (shubhali jami: 14)
[251-255/2882] ... ok (shubhali jami: 15)
[256-260/2882] ... ok (shubhali jami: 15)
[261-265/2882] ... ok (shubhali jami: 15)
[266-270/2882] ... ok (shubhali jami: 15)
[271-275/2882] ... ok (shubhali jami: 15)
[276-280/2882] ... ok (shubhali jami: 15)
[281-285/2882] ... ok (shubhali jami: 16)
[286-290/2882] ... ok (shubhali jami: 16)
[291-295/2882] ... ok (shubhali jami: 16)
[296-300/2882] ... ok (shubhali jami: 16)
[301-305/2882] ... ok (shubhali jami: 16)
[306-310/2882] ... ok (shubhali jami: 16)
[311-315/2882] ... ok (shubhali jami: 16)
[316-320/2882] ... ok (shubhali jami: 16)
[321-325/2882] ... ok (shubhali jami: 16)
[326-330/2882] ... ok (shubhali jami: 16)
[331-335/2882] ... ok (shubhali jami: 17)
[336-340/2882] ... ok (shubhali jami: 17)
[341-345/2882] ... ok (shubhali jami: 17)
[346-350/2882] ... ok (shubhali jami: 17)
[351-355/2882] ... ok (shubhali jami: 17)
[356-360/2882] ... ok (shubhali jami: 17)
[361-365/2882] ... ok (shubhali jami: 17)
[366-370/2882] ... ok (shubhali jami: 17)
[371-375/2882] ... ok (shubhali jami: 17)
[376-380/2882] ... ok (shubhali jami: 17)
[381-385/2882] ... ok (shubhali jami: 17)
[386-390/2882] ... ok (shubhali jami: 17)
[391-395/2882] ... ok (shubhali jami: 17)
[396-400/2882] ... ok (shubhali jami: 17)
[401-405/2882] ... ok (shubhali jami: 17)
[406-410/2882] ... ok (shubhali jami: 17)
[411-415/2882] ... ok (shubhali jami: 17)
[416-420/2882] ... ok (shubhali jami: 17)
[421-425/2882] ... ok (shubhali jami: 17)
[426-430/2882] ... ok (shubhali jami: 17)
[431-435/2882] ... ok (shubhali jami: 18)
[436-440/2882] ... ok (shubhali jami: 18)
[441-445/2882] ... ok (shubhali jami: 18)
[446-450/2882] ... ok (shubhali jami: 18)
[451-455/2882] ... ok (shubhali jami: 18)
[456-460/2882] ... ok (shubhali jami: 18)
[461-465/2882] ... ok (shubhali jami: 19)
[466-470/2882] ... ok (shubhali jami: 19)
[471-475/2882] ... ok (shubhali jami: 19)
[476-480/2882] ... ok (shubhali jami: 19)
[481-485/2882] ... ok (shubhali jami: 19)
[486-490/2882] ... ok (shubhali jami: 19)
[491-495/2882] ... ok (shubhali jami: 20)
[496-500/2882] ... ok (shubhali jami: 20)
[501-505/2882] ... ok (shubhali jami: 20)
[506-510/2882] ... ok (shubhali jami: 21)
[511-515/2882] ... ok (shubhali jami: 21)
[516-520/2882] ... ok (shubhali jami: 25)
[521-525/2882] ... ok (shubhali jami: 25)
[526-530/2882] ... ok (shubhali jami: 26)
[531-535/2882] ... ok (shubhali jami: 27)
[536-540/2882] ... ok (shubhali jami: 27)
[541-545/2882] ... ok (shubhali jami: 27)
[546-550/2882] ... ok (shubhali jami: 27)
[551-555/2882] ... ok (shubhali jami: 27)
[556-560/2882] ... ok (shubhali jami: 27)
[561-565/2882] ... ok (shubhali jami: 27)
[566-570/2882] ... ok (shubhali jami: 27)
[571-575/2882] ... ok (shubhali jami: 27)
[576-580/2882] ... ok (shubhali jami: 27)
[581-585/2882] ... ok (shubhali jami: 27)
[586-590/2882] ... ok (shubhali jami: 27)
[591-595/2882] ... ok (shubhali jami: 27)
[596-600/2882] ... ok (shubhali jami: 27)
[601-605/2882] ... ok (shubhali jami: 27)
[606-610/2882] ... ok (shubhali jami: 27)
[611-615/2882] ... ok (shubhali jami: 27)
[616-620/2882] ... ok (shubhali jami: 28)
[621-625/2882] ... ok (shubhali jami: 28)
[626-630/2882] ... ok (shubhali jami: 28)
[631-635/2882] ... ok (shubhali jami: 28)
[636-640/2882] ... ok (shubhali jami: 28)
[641-645/2882] ... ok (shubhali jami: 28)
[646-650/2882] ... ok (shubhali jami: 28)
[651-655/2882] ... ok (shubhali jami: 28)
[656-660/2882] ... ok (shubhali jami: 29)
[661-665/2882] ... ok (shubhali jami: 30)
[666-670/2882] ... ok (shubhali jami: 30)
[671-675/2882] ... ok (shubhali jami: 30)
[676-680/2882] ... ok (shubhali jami: 30)
[681-685/2882] ... ok (shubhali jami: 31)
[686-690/2882] ... ok (shubhali jami: 31)
[691-695/2882] ... ok (shubhali jami: 31)
[696-700/2882] ... ok (shubhali jami: 31)
[701-705/2882] ... ok (shubhali jami: 31)
[706-710/2882] ... ok (shubhali jami: 31)
[711-715/2882] ... ok (shubhali jami: 31)
[716-720/2882] ... ok (shubhali jami: 31)
[721-725/2882] ... ok (shubhali jami: 31)
[726-730/2882] ... ok (shubhali jami: 31)
[731-735/2882] ... ok (shubhali jami: 31)
[736-740/2882] ... ok (shubhali jami: 31)
[741-745/2882] ... ok (shubhali jami: 31)
[746-750/2882] ... ok (shubhali jami: 31)
[751-755/2882] ... ok (shubhali jami: 31)
[756-760/2882] ... ok (shubhali jami: 31)
[761-765/2882] ... ok (shubhali jami: 31)
[766-770/2882] ... ok (shubhali jami: 31)
[771-775/2882] ... ok (shubhali jami: 31)
[776-780/2882] ... ok (shubhali jami: 31)
[781-785/2882] ... ok (shubhali jami: 31)
[786-790/2882] ... ok (shubhali jami: 31)
[791-795/2882] ... ok (shubhali jami: 32)
[796-800/2882] ... ok (shubhali jami: 32)
[801-805/2882] ... ok (shubhali jami: 33)
[806-810/2882] ... ok (shubhali jami: 34)
[811-815/2882] ... ok (shubhali jami: 35)
[816-820/2882] ... ok (shubhali jami: 35)
[821-825/2882] ... ok (shubhali jami: 35)
[826-830/2882] ... ok (shubhali jami: 35)
[831-835/2882] ... ok (shubhali jami: 35)
[836-840/2882] ... ok (shubhali jami: 35)
[841-845/2882] ... ok (shubhali jami: 35)
[846-850/2882] ... ok (shubhali jami: 35)
[851-855/2882] ... ok (shubhali jami: 35)
[856-860/2882] ... ok (shubhali jami: 35)
[861-865/2882] ... ok (shubhali jami: 35)
[866-870/2882] ... ok (shubhali jami: 36)
[871-875/2882] ... ok (shubhali jami: 36)
[876-880/2882] ... ok (shubhali jami: 36)
[881-885/2882] ... ok (shubhali jami: 37)
[886-890/2882] ... ok (shubhali jami: 37)
[891-895/2882] ... ok (shubhali jami: 37)
[896-900/2882] ... ok (shubhali jami: 37)
[901-905/2882] ... ok (shubhali jami: 37)
[906-910/2882] ... ok (shubhali jami: 37)
[911-915/2882] ... ok (shubhali jami: 38)
[916-920/2882] ... ok (shubhali jami: 38)
[921-925/2882] ... ok (shubhali jami: 38)
[926-930/2882] ... ok (shubhali jami: 38)
[931-935/2882] ... ok (shubhali jami: 38)
[936-940/2882] ... ok (shubhali jami: 38)
[941-945/2882] ... ok (shubhali jami: 38)
[946-950/2882] ... ok (shubhali jami: 38)
[951-955/2882] ... ok (shubhali jami: 38)
[956-960/2882] ... ok (shubhali jami: 38)
[961-965/2882] ... ok (shubhali jami: 38)
[966-970/2882] ... ok (shubhali jami: 38)
[971-975/2882] ... ok (shubhali jami: 38)
[976-980/2882] ... ok (shubhali jami: 38)
[981-985/2882] ... ok (shubhali jami: 38)
[986-990/2882] ... ok (shubhali jami: 38)
[991-995/2882] ... ok (shubhali jami: 38)
[996-1000/2882] ... ok (shubhali jami: 38)
[1001-1005/2882] ... ok (shubhali jami: 38)
[1006-1010/2882] ... ok (shubhali jami: 38)
[1011-1015/2882] ... ok (shubhali jami: 38)
[1016-1020/2882] ... ok (shubhali jami: 38)
[1021-1025/2882] ... ok (shubhali jami: 38)
[1026-1030/2882] ... ok (shubhali jami: 39)
[1031-1035/2882] ... ok (shubhali jami: 40)
[1036-1040/2882] ... ok (shubhali jami: 40)
[1041-1045/2882] ... ok (shubhali jami: 40)
[1046-1050/2882] ... ok (shubhali jami: 40)
[1051-1055/2882] ... ok (shubhali jami: 40)
[1056-1060/2882] ... ok (shubhali jami: 40)
[1061-1065/2882] ... ok (shubhali jami: 40)
[1066-1070/2882] ... ok (shubhali jami: 41)
[1071-1075/2882] ... parse xato
[1076-1080/2882] ... ok (shubhali jami: 41)
[1081-1085/2882] ... ok (shubhali jami: 41)
[1086-1090/2882] ... ok (shubhali jami: 41)
[1091-1095/2882] ... ok (shubhali jami: 41)
[1096-1100/2882] ... ok (shubhali jami: 41)
[1101-1105/2882] ... ok (shubhali jami: 41)
[1106-1110/2882] ... ok (shubhali jami: 42)
[1111-1115/2882] ... ok (shubhali jami: 42)
[1116-1120/2882] ... ok (shubhali jami: 43)
[1121-1125/2882] ... ok (shubhali jami: 43)
[1126-1130/2882] ... ok (shubhali jami: 43)
[1131-1135/2882] ... ok (shubhali jami: 43)
[1136-1140/2882] ... ok (shubhali jami: 43)
[1141-1145/2882] ... ok (shubhali jami: 44)
[1146-1150/2882] ... ok (shubhali jami: 45)
[1151-1155/2882] ... ok (shubhali jami: 46)
[1156-1160/2882] ... ok (shubhali jami: 46)
[1161-1165/2882] ... ok (shubhali jami: 46)
[1166-1170/2882] ... ok (shubhali jami: 46)
[1171-1175/2882] ... ok (shubhali jami: 46)
[1176-1180/2882] ... ok (shubhali jami: 46)
[1181-1185/2882] ... ok (shubhali jami: 46)
[1186-1190/2882] ... ok (shubhali jami: 47)
[1191-1195/2882] ... ok (shubhali jami: 47)
[1196-1200/2882] ... ok (shubhali jami: 47)
[1201-1205/2882] ... ok (shubhali jami: 47)
[1206-1210/2882] ... ok (shubhali jami: 47)
[1211-1215/2882] ... ok (shubhali jami: 47)
[1216-1220/2882] ... ok (shubhali jami: 47)
[1221-1225/2882] ... ok (shubhali jami: 47)
[1226-1230/2882] ... ok (shubhali jami: 48)
[1231-1235/2882] ... ok (shubhali jami: 48)
[1236-1240/2882] ... ok (shubhali jami: 48)
[1241-1245/2882] ... ok (shubhali jami: 48)
[1246-1250/2882] ... ok (shubhali jami: 48)
[1251-1255/2882] ... ok (shubhali jami: 49)
[1256-1260/2882] ... ok (shubhali jami: 49)
[1261-1265/2882] ... ok (shubhali jami: 49)
[1266-1270/2882] ... ok (shubhali jami: 49)
[1271-1275/2882] ... ok (shubhali jami: 49)
[1276-1280/2882] ... ok (shubhali jami: 49)
[1281-1285/2882] ... ok (shubhali jami: 49)
[1286-1290/2882] ... ok (shubhali jami: 50)
[1291-1295/2882] ... ok (shubhali jami: 50)
[1296-1300/2882] ... ok (shubhali jami: 50)
[1301-1305/2882] ... ok (shubhali jami: 50)
[1306-1310/2882] ... ok (shubhali jami: 50)
[1311-1315/2882] ... ok (shubhali jami: 50)
[1316-1320/2882] ... ok (shubhali jami: 50)
[1321-1325/2882] ... ok (shubhali jami: 50)
[1326-1330/2882] ... ok (shubhali jami: 51)
[1331-1335/2882] ... ok (shubhali jami: 51)
[1336-1340/2882] ... ok (shubhali jami: 51)
[1341-1345/2882] ... ok (shubhali jami: 52)
[1346-1350/2882] ... ok (shubhali jami: 52)
[1351-1355/2882] ... ok (shubhali jami: 52)
[1356-1360/2882] ... ok (shubhali jami: 52)
[1361-1365/2882] ... ok (shubhali jami: 52)
[1366-1370/2882] ... ok (shubhali jami: 52)
[1371-1375/2882] ... ok (shubhali jami: 52)
[1376-1380/2882] ... ok (shubhali jami: 53)
[1381-1385/2882] ... ok (shubhali jami: 53)
[1386-1390/2882] ... ok (shubhali jami: 53)
[1391-1395/2882] ... ok (shubhali jami: 53)
[1396-1400/2882] ... ok (shubhali jami: 53)
[1401-1405/2882] ... ok (shubhali jami: 53)
[1406-1410/2882] ... ok (shubhali jami: 53)
[1411-1415/2882] ... ok (shubhali jami: 53)
[1416-1420/2882] ... ok (shubhali jami: 53)
[1421-1425/2882] ... ok (shubhali jami: 53)
[1426-1430/2882] ... ok (shubhali jami: 54)
[1431-1435/2882] ... ok (shubhali jami: 54)
[1436-1440/2882] ... ok (shubhali jami: 54)
[1441-1445/2882] ... ok (shubhali jami: 54)
[1446-1450/2882] ... ok (shubhali jami: 54)
[1451-1455/2882] ... ok (shubhali jami: 54)
[1456-1460/2882] ... ok (shubhali jami: 54)
[1461-1465/2882] ... ok (shubhali jami: 54)
[1466-1470/2882] ... ok (shubhali jami: 54)
[1471-1475/2882] ... ok (shubhali jami: 55)
[1476-1480/2882] ... ok (shubhali jami: 55)
[1481-1485/2882] ... ok (shubhali jami: 55)
[1486-1490/2882] ... ok (shubhali jami: 55)
[1491-1495/2882] ... ok (shubhali jami: 55)
[1496-1500/2882] ... ok (shubhali jami: 55)
[1501-1505/2882] ... ok (shubhali jami: 55)
[1506-1510/2882] ... ok (shubhali jami: 56)
[1511-1515/2882] ... ok (shubhali jami: 56)
[1516-1520/2882] ... ok (shubhali jami: 56)
[1521-1525/2882] ... ok (shubhali jami: 56)
[1526-1530/2882] ... ok (shubhali jami: 56)
[1531-1535/2882] ... ok (shubhali jami: 56)
[1536-1540/2882] ... ok (shubhali jami: 57)
[1541-1545/2882] ... ok (shubhali jami: 57)
[1546-1550/2882] ... ok (shubhali jami: 57)
[1551-1555/2882] ... ok (shubhali jami: 57)
[1556-1560/2882] ... ok (shubhali jami: 57)
[1561-1565/2882] ... ok (shubhali jami: 57)
[1566-1570/2882] ... ok (shubhali jami: 57)
[1571-1575/2882] ... ok (shubhali jami: 57)
[1576-1580/2882] ... ok (shubhali jami: 57)
[1581-1585/2882] ... ok (shubhali jami: 57)
[1586-1590/2882] ... ok (shubhali jami: 59)
[1591-1595/2882] ... ok (shubhali jami: 60)
[1596-1600/2882] ... ok (shubhali jami: 62)
[1601-1605/2882] ... ok (shubhali jami: 63)
[1606-1610/2882] ... ok (shubhali jami: 63)
[1611-1615/2882] ... ok (shubhali jami: 63)
[1616-1620/2882] ... ok (shubhali jami: 63)
[1621-1625/2882] ... ok (shubhali jami: 63)
[1626-1630/2882] ... ok (shubhali jami: 63)
[1631-1635/2882] ... ok (shubhali jami: 63)
[1636-1640/2882] ... ok (shubhali jami: 64)
[1641-1645/2882] ... ok (shubhali jami: 64)
[1646-1650/2882] ... ok (shubhali jami: 64)
[1651-1655/2882] ... ok (shubhali jami: 65)
[1656-1660/2882] ... ok (shubhali jami: 65)
[1661-1665/2882] ... ok (shubhali jami: 65)
[1666-1670/2882] ... ok (shubhali jami: 65)
[1671-1675/2882] ... ok (shubhali jami: 65)
[1676-1680/2882] ... ok (shubhali jami: 65)
[1681-1685/2882] ... ok (shubhali jami: 66)
[1686-1690/2882] ... ok (shubhali jami: 66)
[1691-1695/2882] ... ok (shubhali jami: 67)
[1696-1700/2882] ... ok (shubhali jami: 67)
[1701-1705/2882] ... ok (shubhali jami: 67)
[1706-1710/2882] ... ok (shubhali jami: 67)
[1711-1715/2882] ... ok (shubhali jami: 67)
[1716-1720/2882] ... ok (shubhali jami: 67)
[1721-1725/2882] ... ok (shubhali jami: 69)
[1726-1730/2882] ... ok (shubhali jami: 69)
[1731-1735/2882] ... ok (shubhali jami: 69)
[1736-1740/2882] ... ok (shubhali jami: 69)
[1741-1745/2882] ... ok (shubhali jami: 69)
[1746-1750/2882] ... ok (shubhali jami: 69)
[1751-1755/2882] ... ok (shubhali jami: 69)
[1756-1760/2882] ... ok (shubhali jami: 69)
[1761-1765/2882] ... ok (shubhali jami: 69)
[1766-1770/2882] ... ok (shubhali jami: 69)
[1771-1775/2882] ... ok (shubhali jami: 69)
[1776-1780/2882] ... ok (shubhali jami: 69)
[1781-1785/2882] ... ok (shubhali jami: 69)
[1786-1790/2882] ... ok (shubhali jami: 69)
[1791-1795/2882] ... ok (shubhali jami: 69)
[1796-1800/2882] ... ok (shubhali jami: 69)
[1801-1805/2882] ... ok (shubhali jami: 70)
[1806-1810/2882] ... ok (shubhali jami: 71)
[1811-1815/2882] ... ok (shubhali jami: 72)
[1816-1820/2882] ... ok (shubhali jami: 72)
[1821-1825/2882] ... ok (shubhali jami: 72)
[1826-1830/2882] ... ok (shubhali jami: 72)
[1831-1835/2882] ... ok (shubhali jami: 72)
[1836-1840/2882] ... ok (shubhali jami: 73)
[1841-1845/2882] ... ok (shubhali jami: 73)
[1846-1850/2882] ... ok (shubhali jami: 74)
[1851-1855/2882] ... ok (shubhali jami: 74)
[1856-1860/2882] ... ok (shubhali jami: 74)
[1861-1865/2882] ... ok (shubhali jami: 74)
[1866-1870/2882] ... ok (shubhali jami: 74)
[1871-1875/2882] ... ok (shubhali jami: 74)
[1876-1880/2882] ... ok (shubhali jami: 74)
[1881-1885/2882] ... ok (shubhali jami: 74)
[1886-1890/2882] ... ok (shubhali jami: 74)
[1891-1895/2882] ... ok (shubhali jami: 75)
[1896-1900/2882] ... ok (shubhali jami: 76)
[1901-1905/2882] ... ok (shubhali jami: 77)
[1906-1910/2882] ... ok (shubhali jami: 77)
[1911-1915/2882] ... ok (shubhali jami: 77)
[1916-1920/2882] ... ok (shubhali jami: 77)
[1921-1925/2882] ... ok (shubhali jami: 77)
[1926-1930/2882] ... ok (shubhali jami: 77)
[1931-1935/2882] ... ok (shubhali jami: 78)
[1936-1940/2882] ... ok (shubhali jami: 78)
[1941-1945/2882] ... ok (shubhali jami: 78)
[1946-1950/2882] ... ok (shubhali jami: 78)
[1951-1955/2882] ... ok (shubhali jami: 78)
[1956-1960/2882] ... ok (shubhali jami: 78)
[1961-1965/2882] ... ok (shubhali jami: 78)
[1966-1970/2882] ... ok (shubhali jami: 78)
[1971-1975/2882] ... ok (shubhali jami: 78)
[1976-1980/2882] ... ok (shubhali jami: 78)
[1981-1985/2882] ... ok (shubhali jami: 78)
[1986-1990/2882] ... ok (shubhali jami: 79)
[1991-1995/2882] ... ok (shubhali jami: 79)
[1996-2000/2882] ... ok (shubhali jami: 79)
[2001-2005/2882] ... ok (shubhali jami: 79)
[2006-2010/2882] ... ok (shubhali jami: 79)
[2011-2015/2882] ... ok (shubhali jami: 79)
[2016-2020/2882] ... ok (shubhali jami: 79)
[2021-2025/2882] ... ok (shubhali jami: 80)
[2026-2030/2882] ... ok (shubhali jami: 80)
[2031-2035/2882] ... ok (shubhali jami: 80)
[2036-2040/2882] ... ok (shubhali jami: 80)
[2041-2045/2882] ... ok (shubhali jami: 80)
[2046-2050/2882] ... ok (shubhali jami: 81)
[2051-2055/2882] ... ok (shubhali jami: 81)
[2056-2060/2882] ... ok (shubhali jami: 81)
[2061-2065/2882] ... ok (shubhali jami: 81)
[2066-2070/2882] ... ok (shubhali jami: 81)
[2071-2075/2882] ... ok (shubhali jami: 81)
[2076-2080/2882] ... ok (shubhali jami: 81)
[2081-2085/2882] ... ok (shubhali jami: 81)
[2086-2090/2882] ... ok (shubhali jami: 81)
[2091-2095/2882] ... ok (shubhali jami: 81)
[2096-2100/2882] ... ok (shubhali jami: 81)
[2101-2105/2882] ... ok (shubhali jami: 81)
[2106-2110/2882] ... ok (shubhali jami: 81)
[2111-2115/2882] ... ok (shubhali jami: 81)
[2116-2120/2882] ... ok (shubhali jami: 81)
[2121-2125/2882] ... ok (shubhali jami: 81)
[2126-2130/2882] ... ok (shubhali jami: 81)
[2131-2135/2882] ... ok (shubhali jami: 81)
[2136-2140/2882] ... ok (shubhali jami: 81)
[2141-2145/2882] ... ok (shubhali jami: 82)
[2146-2150/2882] ... ok (shubhali jami: 82)
[2151-2155/2882] ... ok (shubhali jami: 82)
[2156-2160/2882] ... ok (shubhali jami: 82)
[2161-2165/2882] ... ok (shubhali jami: 82)
[2166-2170/2882] ... ok (shubhali jami: 82)
[2171-2175/2882] ... ok (shubhali jami: 82)
[2176-2180/2882] ... ok (shubhali jami: 82)
[2181-2185/2882] ... ok (shubhali jami: 82)
[2186-2190/2882] ... ok (shubhali jami: 82)
[2191-2195/2882] ... ok (shubhali jami: 82)
[2196-2200/2882] ... ok (shubhali jami: 82)
[2201-2205/2882] ... ok (shubhali jami: 82)
[2206-2210/2882] ... ok (shubhali jami: 83)
[2211-2215/2882] ... ok (shubhali jami: 84)
[2216-2220/2882] ... ok (shubhali jami: 84)
[2221-2225/2882] ... ok (shubhali jami: 84)
[2226-2230/2882] ... ok (shubhali jami: 84)
[2231-2235/2882] ... ok (shubhali jami: 84)
[2236-2240/2882] ... ok (shubhali jami: 84)
[2241-2245/2882] ... ok (shubhali jami: 84)
[2246-2250/2882] ... ok (shubhali jami: 85)
[2251-2255/2882] ... ok (shubhali jami: 85)
[2256-2260/2882] ... ok (shubhali jami: 85)
[2261-2265/2882] ... ok (shubhali jami: 85)
[2266-2270/2882] ... ok (shubhali jami: 85)
[2271-2275/2882] ... ok (shubhali jami: 85)
[2276-2280/2882] ... ok (shubhali jami: 85)
[2281-2285/2882] ... ok (shubhali jami: 85)
[2286-2290/2882] ... ok (shubhali jami: 85)
[2291-2295/2882] ... ok (shubhali jami: 85)
[2296-2300/2882] ... ok (shubhali jami: 85)
[2301-2305/2882] ... ok (shubhali jami: 85)
[2306-2310/2882] ... ok (shubhali jami: 85)
[2311-2315/2882] ... ok (shubhali jami: 85)
[2316-2320/2882] ... ok (shubhali jami: 85)
[2321-2325/2882] ... ok (shubhali jami: 85)
[2326-2330/2882] ... ok (shubhali jami: 85)
[2331-2335/2882] ... ok (shubhali jami: 86)
[2336-2340/2882] ... ok (shubhali jami: 86)
[2341-2345/2882] ... ok (shubhali jami: 86)
[2346-2350/2882] ... ok (shubhali jami: 86)
[2351-2355/2882] ... ok (shubhali jami: 86)
[2356-2360/2882] ... ok (shubhali jami: 86)
[2361-2365/2882] ... ok (shubhali jami: 87)
[2366-2370/2882] ... ok (shubhali jami: 87)
[2371-2375/2882] ... ok (shubhali jami: 87)
[2376-2380/2882] ... ok (shubhali jami: 88)
[2381-2385/2882] ... ok (shubhali jami: 89)
[2386-2390/2882] ... ok (shubhali jami: 89)
[2391-2395/2882] ... ok (shubhali jami: 89)
[2396-2400/2882] ... ok (shubhali jami: 90)
[2401-2405/2882] ... ok (shubhali jami: 90)
[2406-2410/2882] ... ok (shubhali jami: 90)
[2411-2415/2882] ... ok (shubhali jami: 90)
[2416-2420/2882] ... ok (shubhali jami: 90)
[2421-2425/2882] ... ok (shubhali jami: 90)
[2426-2430/2882] ... ok (shubhali jami: 90)
[2431-2435/2882] ... ok (shubhali jami: 90)
[2436-2440/2882] ... ok (shubhali jami: 90)
[2441-2445/2882] ... ok (shubhali jami: 90)
[2446-2450/2882] ... ok (shubhali jami: 90)
[2451-2455/2882] ... ok (shubhali jami: 91)
[2456-2460/2882] ... ok (shubhali jami: 91)
[2461-2465/2882] ... ok (shubhali jami: 91)
[2466-2470/2882] ... ok (shubhali jami: 91)
[2471-2475/2882] ... ok (shubhali jami: 91)
[2476-2480/2882] ... ok (shubhali jami: 91)
[2481-2485/2882] ... ok (shubhali jami: 91)
[2486-2490/2882] ... ok (shubhali jami: 91)
[2491-2495/2882] ... ok (shubhali jami: 92)
[2496-2500/2882] ... ok (shubhali jami: 92)
[2501-2505/2882] ... ok (shubhali jami: 92)
[2506-2510/2882] ... ok (shubhali jami: 92)
[2511-2515/2882] ... ok (shubhali jami: 92)
[2516-2520/2882] ... ok (shubhali jami: 92)
[2521-2525/2882] ... ok (shubhali jami: 92)
[2526-2530/2882] ... ok (shubhali jami: 92)
[2531-2535/2882] ... ok (shubhali jami: 92)
[2536-2540/2882] ... ok (shubhali jami: 92)
[2541-2545/2882] ... ok (shubhali jami: 92)
[2546-2550/2882] ... ok (shubhali jami: 92)
[2551-2555/2882] ... ok (shubhali jami: 92)
[2556-2560/2882] ... ok (shubhali jami: 92)
[2561-2565/2882] ... ok (shubhali jami: 92)
[2566-2570/2882] ... ok (shubhali jami: 92)
[2571-2575/2882] ... ok (shubhali jami: 92)
[2576-2580/2882] ... ok (shubhali jami: 92)
[2581-2585/2882] ... ok (shubhali jami: 92)
[2586-2590/2882] ... ok (shubhali jami: 92)
[2591-2595/2882] ... ok (shubhali jami: 92)
[2596-2600/2882] ... ok (shubhali jami: 92)
[2601-2605/2882] ... ok (shubhali jami: 93)
[2606-2610/2882] ... ok (shubhali jami: 93)
[2611-2615/2882] ... parse xato
[2616-2620/2882] ... ok (shubhali jami: 93)
[2621-2625/2882] ... ok (shubhali jami: 93)
[2626-2630/2882] ... ok (shubhali jami: 93)
[2631-2635/2882] ... ok (shubhali jami: 94)
[2636-2640/2882] ... ok (shubhali jami: 94)
[2641-2645/2882] ... ok (shubhali jami: 94)
[2646-2650/2882] ... ok (shubhali jami: 94)
[2651-2655/2882] ... ok (shubhali jami: 94)
[2656-2660/2882] ... ok (shubhali jami: 94)
[2661-2665/2882] ... ok (shubhali jami: 94)
[2666-2670/2882] ... ok (shubhali jami: 94)
[2671-2675/2882] ... ok (shubhali jami: 94)
[2676-2680/2882] ... ok (shubhali jami: 94)
[2681-2685/2882] ... ok (shubhali jami: 94)
[2686-2690/2882] ... ok (shubhali jami: 94)
[2691-2695/2882] ... ok (shubhali jami: 94)
[2696-2700/2882] ... ok (shubhali jami: 94)
[2701-2705/2882] ... ok (shubhali jami: 94)
[2706-2710/2882] ... ok (shubhali jami: 94)
[2711-2715/2882] ... ok (shubhali jami: 94)
[2716-2720/2882] ... ok (shubhali jami: 94)
[2721-2725/2882] ... ok (shubhali jami: 95)
[2726-2730/2882] ... ok (shubhali jami: 95)
[2731-2735/2882] ... ok (shubhali jami: 95)
[2736-2740/2882] ... ok (shubhali jami: 95)
[2741-2745/2882] ... ok (shubhali jami: 95)
[2746-2750/2882] ... ok (shubhali jami: 95)
[2751-2755/2882] ... ok (shubhali jami: 95)
[2756-2760/2882] ... ok (shubhali jami: 95)
[2761-2765/2882] ... ok (shubhali jami: 95)
[2766-2770/2882] ... ok (shubhali jami: 96)
[2771-2775/2882] ... ok (shubhali jami: 96)
[2776-2780/2882] ... ok (shubhali jami: 96)
[2781-2785/2882] ... ok (shubhali jami: 96)
[2786-2790/2882] ... ok (shubhali jami: 96)
[2791-2795/2882] ... ok (shubhali jami: 96)
[2796-2800/2882] ... ok (shubhali jami: 96)
[2801-2805/2882] ... ok (shubhali jami: 96)
[2806-2810/2882] ... ok (shubhali jami: 96)
[2811-2815/2882] ... ok (shubhali jami: 96)
[2816-2820/2882] ... ok (shubhali jami: 96)
[2821-2825/2882] ... ok (shubhali jami: 96)
[2826-2830/2882] ... ok (shubhali jami: 97)
[2831-2835/2882] ... ok (shubhali jami: 97)
[2836-2840/2882] ... ok (shubhali jami: 98)
[2841-2845/2882] ... ok (shubhali jami: 98)
[2846-2850/2882] ... ok (shubhali jami: 98)
[2851-2855/2882] ... ok (shubhali jami: 98)
[2856-2860/2882] ... ok (shubhali jami: 99)
[2861-2865/2882] ... ok (shubhali jami: 99)
[2866-2870/2882] ... ok (shubhali jami: 99)
[2871-2875/2882] ... ok (shubhali jami: 99)
[2876-2880/2882] ... ok (shubhali jami: 99)
[2881-2882/2882] ... ok (shubhali jami: 99)

✓ Tekshirildi: 3002/3012 | SHUBHALI: 99
Hisobot: pipeline/verify_report_informatika.json

--- SHUBHALILAR (birinchi 20) ---
✗ id=45: Hisob-kitobga ko'ra asos 7 bo'lishi kerak (A variant), lekin belgilangan javob D (5) ko'rsatilgan. Izohda ham x=7 deyilgan.
   Noma'lum sanoq sistemasida $52 + 23 = 105$ tenglik o'rinli. Bu sanoq sistemasini
✗ id=46: Izohda faktik xato bor: chap tomoniga nol qo'yilsa $1010_2$ emas, balki $0101_2$ hosil bo'ladi. $1010_2$ o'ng tomoniga nol qo'yish (chapga siljitish) natijasidir. Savol matni ham izoh bilan ziddiyatli.
   Ikliik sanoq sistemasidagi $101_2$ sonini chap tomoniga bitta raqam (nol) qo'yis
✗ id=96: a, b va e mulohazalari to'g'ri. B variant (a, b) va C variant (b, e) ham to'g'ri mulohazalarni o'z ichiga olganligi sababli, yagona to'g'ri javob aniqlashtirilmagan.
   Internetda ishlash vositalariga oid quyidagi mulohazalardan to'g'rilarni aniqlan
✗ id=149: Izohda o'nlik sanoq sistemasini tanlash osonlashishi aytilgan va shu asosda tushuntirilgan, ammo belgilangan javob noto'g'ri (A) belgilangan. To'g'ri javob C (O'nlik sanoq sistema) bo'lishi kerak.
   Dasturchi hisoblash algoritmini ishlab chiqmoqda. U arifmetik amallarni (qo'shis
✗ id=150: Izoh belgilangan javob (A) bilan ziddiyatli. Izohda o'nliklar xonasidagi raqam (0) asosida tushuntirilgan, ammo 2405 sonini 10 ga bo'lganda 240 ta to'liq o'nlik guruhi hosil bo'ladi (Javob A to'g'ri, lekin izoh noto'g'ri).
   Sinf o'quvchisi 2405 sonini o'ntadan guruhlarga bo'lish vazifasini bajarmoqda. U
✗ id=152: Belgilangan javob (C) noto'g'ri. Izohda o'nlik sistema hisob-kitoblarni osonlashtirishi (B variant to'g'ri) aytilgan, ammo javob sifatida Rim sistemi ko'rsatilgan.
   Tarixchi qadimiy yozuvlarda uchraydigan 'XXIV' (Rim) va '24' (o'nlik) sonlarini 
✗ id=194: Elementning umumiy eni (content+padding+border) 350px (C variant) hisoblanadi, margin element o'lchamiga kirmaydi. Izohda 350px to'g'ri ekanligi aytilganiga qaramay, D variant belgilangan.
   CSSda blok elementi uchun quyidagi xossal berilgan: width: 300px; padding: 20px;
✗ id=213: Fred Cohen Ogayo shtati universitetida emas, Janubiy Kaliforniya universitetida (USC) ishlagan.
   Kompyuter viruslari tarixi Ogayo shtati Sinsinati shahri universiteti ilmiy xodi
✗ id=243: a) mulohazasida faktik xato bor: Microsoft Office paketi birinchi marta 1992-yilda emas, balki 1989 (Mac) va 1990 (Windows) yillarda yaratilgan.
   Microsoft Office ofis paketi haqidagi quyidagi mulohazalardan to'g'rilarni aniql
✗ id=262: 101(2)=5 va 5(10)=5 sonlari teng bo'lgani uchun B va C variantlari ham to'g'ri
   Quyidagi sonlar qatorini qiymati bo'yicha o'sish tartibida joylashtiring. I) 101
✗ id=285: Scratch dasturida Pen bloklari Yashil (Dark Green), Control bloklari esa Sariq (Events) yoki Apelsin (Scratch 2.0) rangda bo'ladi. Izohda va variantlarda bloklar ranglari faktik noto'g'ri ko'rsatilgan.
   Scratch dasturida qalam (Pen) vositalari: 'pen down', 'pen up', 'change pen colo
✗ id=310: Izohda MS Access so'rov dizayni mantiqi noto'g'ri tushuntirilgan. "Yoki" (Or) satridagi shartlar "Qator" (Criteria) satridagi shartlar bilan YOKI (OR) mantiqida ishlaydi, VA (AND) mantiqida emas. To'g'ri natija: (Fizika va 70 dan yuqori) YOKI (10-A) YOKI (10-B).
   So'rovda "Fan", "Ball" va "Sinf" maydonlari bor. Quyidagi shartlarni qo'yish nat
✗ id=358: B (a, e) va D (a, d) variantlaridagi barcha fikrlar to'g'ri, javobni aniqlash imkonsiz.
   Operatsion tizim haqidagi to'g'ri mulohazalarni aniqlang.
a) foydalanuvchi va ko
✗ id=364: MS Office dasturining birinchi versiyasi 1990-yilda (Office 1.0) chiqarilgan, 1992-yilda esa Office 3.0 chiqqan. Savolda tarixiy sana bo'yicha faktik xato mavjud.
   Microsoft Office ofis paketining 1992-yilda yaratilgan birinchi versiyasi tarkib
✗ id=381: 2-qadam ('pastdan yuqoriga yozish') va 4-qadam ('teskari tartibda joylashtirish') mazmuni bir xil, ularning ketma-ketligi (2 keyin 4) mantiqsiz. Izoh matni savol matniga zid.
   O'nlik sondan ikkilik songa o'tkazish algoritmining to'g'ri tartibini belgilang:
✗ id=415: (e) varianti ham to'g'ri (PHP veb-saytlar uchun ishlatiladi), shuning uchun A (a, e) va C (a, d) javoblari teng darajada to'g'ri.
   Dasturlash tillarining qo'llanish sohalariga oid to'g'ri mulohazalarni aniqlang.
✗ id=462: Savol 'xususiyat' (feature) so'rayapti, variantlar esa OS nomlaridan iborat (mantiqiy xato). Shuningdek, tasvirlangan imkoniyatlar (bo'limlarga bo'linish, Word tahrirlash) Android va boshqa zamonaviy tizimlar uchun ham xos, javobni noaniq qiladi.
   Mobil qurilma foydalanuvchisi suratlar, musiqa va kontaktlarni alohida bo'limlar
✗ id=561: Belgilangan javob (D) noto'g'ri. 'Axborotni qayta ishlash' ma'lumotlarni tizimlashtirish yoki yangi ko'rinishga keltirishni (jadval tuzish, grafik chizish) anglatadi, bu A variantga to'g'ri keladi. Izohda ham A variant to'g'ri ekanligi keltirilgan.
   O'qituvchi informatika fanining mazmunini tushuntirib, axborot bilan ishlash bos
✗ id=593: Belgilangan javob noto'g'ri. Ifoda natijasi 'True' bo'lishi kerak, lekin 'B' (False) belgilangan.
   Python dasturida x = 10 va y = 5 o'zgaruvchilari berilgan. Quyidagi kod qisminin
✗ id=625: Hisoblash xato: (0,0) nuqtadan 100 qadam o'ngga (X=100) va keyin 100 qadam yuqoriga (Y=100) harakatlanganda natija (100, 100) bo'ladi, belgilangan javob (0, 100) noto'g'ri.
   Scratch sahna markazida (koordinatalari 0; 0) turgan spraytga quyidagi skript be
