  darslik grounding: scratch/info_book.txt (1035 oyna) — mutaxassislik mavzulariga qo'shiladi
▶ Informatika va AT: maqsad 300 (hozir 0), 19 bo'lim, model zai-glm-4.7
   manba: scratch/info_spec_clean.txt | few-shot langar: 5 ta [namuna: informatika_savollar.json] | dedup baza: 5922
[aylanish 1 · 1/19] pedagogika "Bo'lim 2" ... +6  (jami 6/300)
[aylanish 1 · 2/19] pedagogika "Bo'lim 3" ... +10  (jami 16/300)
[aylanish 1 · 3/19] pedagogika "Bo'lim 4" ... +11  (jami 27/300)
[aylanish 1 · 4/19] pedagogika "Bo'lim 5" ... +13  (jami 40/300)
[aylanish 1 · 5/19] pedagogika "Bo'lim 6" ... +9  (jami 49/300)
[aylanish 1 · 6/19] pedagogika "Bo'lim 7" ... +9  (jami 58/300)
[aylanish 1 · 7/19] pedagogika "Bo'lim 8" ... +9  (jami 67/300)
[aylanish 1 · 8/19] pedagogika "Bo'lim 9" ... +14  (jami 81/300)
[aylanish 1 · 9/19] pedagogika "Bo'lim 10" ... +14  (jami 95/300)
[aylanish 1 · 10/19] pedagogika "Bo'lim 11" ... +12  (jami 107/300)
[aylanish 1 · 11/19] pedagogika "Bo'lim 14" ... +3  (jami 110/300)
[aylanish 1 · 12/19] pedagogika "Bo'lim 15" ... +14  (jami 124/300)
[aylanish 1 · 13/19] pedagogika "Bo'lim 16" ... +13  (jami 137/300)
[aylanish 1 · 14/19] pedagogika "Bo'lim 17" ... +13  (jami 150/300)
[aylanish 1 · 15/19] pedagogika "Bo'lim 18" ... +6  (jami 156/300)
[aylanish 1 · 16/19] pedagogika "Bo'lim 19" ... +4  (jami 160/300)
[aylanish 1 · 17/19] pedagogika "Bo'lim 20" ... +11  (jami 171/300)
[aylanish 1 · 18/19] pedagogika "Bo'lim 21" ... +14  (jami 185/300)
[aylanish 1 · 19/19] pedagogika "Bo'lim 22" ... +7  (jami 192/300)
[aylanish 2 · 1/19] pedagogika "Bo'lim 2" ... +9  (jami 201/300)
[aylanish 2 · 2/19] pedagogika "Bo'lim 3" ... +11  (jami 212/300)
[aylanish 2 · 3/19] pedagogika "Bo'lim 4" ... +8  (jami 220/300)
[aylanish 2 · 4/19] pedagogika "Bo'lim 5" ... +7  (jami 227/300)
[aylanish 2 · 5/19] pedagogika "Bo'lim 6" ... +8  (jami 235/300)
[aylanish 2 · 6/19] pedagogika "Bo'lim 7" ... +9  (jami 244/300)
[aylanish 2 · 7/19] pedagogika "Bo'lim 8" ... +10  (jami 254/300)
[aylanish 2 · 8/19] pedagogika "Bo'lim 9" ... +12  (jami 266/300)
[aylanish 2 · 9/19] pedagogika "Bo'lim 10" ... +10  (jami 276/300)
[aylanish 2 · 10/19] pedagogika "Bo'lim 11" ... +9  (jami 285/300)
[aylanish 2 · 11/19] pedagogika "Bo'lim 14" ... +10  (jami 295/300)
[aylanish 2 · 12/19] pedagogika "Bo'lim 15" ... +4  (jami 299/300)
[aylanish 2 · 13/19] pedagogika "Bo'lim 16" ... +10  (jami 309/300)

✓ Jami: 309/300 (single 224, matching 26, sequence 24) | takror: 0 | yaroqsiz: 106 | format-cap skip: 0 | ifloslanish rad: 0
   → fan/informatika/gen_ped.json
