  darslik grounding: scratch/info_book.txt (1035 oyna) — mutaxassislik mavzulariga qo'shiladi
  ↩ Davom ettirish: 106 ta savol yuklandi
▶ Informatika va AT: maqsad 3000 (hozir 106), 12 bo'lim, model zai-glm-4.7
   manba: scratch/info_spec_clean.txt | few-shot langar: 5 ta [namuna: informatika_savollar.json] | dedup baza: 106
[aylanish 1 · 1/12] mutaxassislik "1.1. Axborot va raqamli savodxon" ... +6  (jami 112/3000)
[aylanish 1 · 2/12] mutaxassislik "1.2. Kompyuter tizimlari va dast" ... +9  (jami 121/3000)
[aylanish 1 · 3/12] mutaxassislik "1.3. Amaliy ofis dasturlari: MS " ... +13  (jami 134/3000)
[aylanish 1 · 4/12] mutaxassislik "1.4. Mantiqiy mulohazalar va mod" ... +12  (jami 146/3000)
[aylanish 1 · 5/12] mutaxassislik "1.5. Sanoq sistemalari" ... +11  (jami 157/3000)
[aylanish 1 · 6/12] mutaxassislik "1.6. Algoritmlash" ... +12  (jami 169/3000)
[aylanish 1 · 7/12] mutaxassislik "1.7. Dasturlash asoslari: Scratc" ... +9  (jami 178/3000)
[aylanish 1 · 8/12] mutaxassislik "1.8. Dasturlash: Python va JavaS" ... +4  (jami 182/3000)
[aylanish 1 · 9/12] mutaxassislik "1.9. Ma'lumotlar bazasi asoslari" ... +11  (jami 193/3000)
[aylanish 1 · 10/12] mutaxassislik "1.10. Grafika va veb-texnologiya" ... +7  (jami 200/3000)
[aylanish 1 · 11/12] mutaxassislik "1.11. Kompyuter tarmoqlari va in" ... +12  (jami 212/3000)
[aylanish 1 · 12/12] mutaxassislik "1.12. Axborot xavfsizligi va raq" ... +13  (jami 225/3000)
[aylanish 2 · 1/12] mutaxassislik "1.1. Axborot va raqamli savodxon" ... +10  (jami 235/3000)
[aylanish 2 · 2/12] mutaxassislik "1.2. Kompyuter tizimlari va dast" ... +4  (jami 239/3000)
[aylanish 2 · 3/12] mutaxassislik "1.3. Amaliy ofis dasturlari: MS " ... +15  (jami 254/3000)
[aylanish 2 · 4/12] mutaxassislik "1.4. Mantiqiy mulohazalar va mod" ... +6  (jami 260/3000)
[aylanish 2 · 5/12] mutaxassislik "1.5. Sanoq sistemalari" ... +6  (jami 266/3000)
[aylanish 2 · 6/12] mutaxassislik "1.6. Algoritmlash" ... +12  (jami 278/3000)
[aylanish 2 · 7/12] mutaxassislik "1.7. Dasturlash asoslari: Scratc" ... +13  (jami 291/3000)
[aylanish 2 · 8/12] mutaxassislik "1.8. Dasturlash: Python va JavaS" ... +9  (jami 300/3000)
[aylanish 2 · 9/12] mutaxassislik "1.9. Ma'lumotlar bazasi asoslari" ... +13  (jami 313/3000)
[aylanish 2 · 10/12] mutaxassislik "1.10. Grafika va veb-texnologiya" ... +10  (jami 323/3000)
[aylanish 2 · 11/12] mutaxassislik "1.11. Kompyuter tarmoqlari va in" ... +11  (jami 334/3000)
[aylanish 2 · 12/12] mutaxassislik "1.12. Axborot xavfsizligi va raq" ... +8  (jami 342/3000)
[aylanish 3 · 1/12] mutaxassislik "1.1. Axborot va raqamli savodxon" ... +8  (jami 350/3000)
[aylanish 3 · 2/12] mutaxassislik "1.2. Kompyuter tizimlari va dast" ... +8  (jami 358/3000)
[aylanish 3 · 3/12] mutaxassislik "1.3. Amaliy ofis dasturlari: MS " ... +9  (jami 367/3000)
[aylanish 3 · 4/12] mutaxassislik "1.4. Mantiqiy mulohazalar va mod" ... +5  (jami 372/3000)
[aylanish 3 · 5/12] mutaxassislik "1.5. Sanoq sistemalari" ... +12  (jami 384/3000)
[aylanish 3 · 6/12] mutaxassislik "1.6. Algoritmlash" ... +11  (jami 395/3000)
[aylanish 3 · 7/12] mutaxassislik "1.7. Dasturlash asoslari: Scratc" ... +9  (jami 404/3000)
[aylanish 3 · 8/12] mutaxassislik "1.8. Dasturlash: Python va JavaS" ... +13  (jami 417/3000)
[aylanish 3 · 9/12] mutaxassislik "1.9. Ma'lumotlar bazasi asoslari" ... +9  (jami 426/3000)
[aylanish 3 · 10/12] mutaxassislik "1.10. Grafika va veb-texnologiya" ... +11  (jami 437/3000)
[aylanish 3 · 11/12] mutaxassislik "1.11. Kompyuter tarmoqlari va in" ... +5  (jami 442/3000)
[aylanish 3 · 12/12] mutaxassislik "1.12. Axborot xavfsizligi va raq" ... +7  (jami 449/3000)
[aylanish 4 · 1/12] mutaxassislik "1.1. Axborot va raqamli savodxon" ... +8  (jami 457/3000)
[aylanish 4 · 2/12] mutaxassislik "1.2. Kompyuter tizimlari va dast" ... +11  (jami 468/3000)
[aylanish 4 · 3/12] mutaxassislik "1.3. Amaliy ofis dasturlari: MS " ... +9  (jami 477/3000)
[aylanish 4 · 4/12] mutaxassislik "1.4. Mantiqiy mulohazalar va mod" ... [Bo'sh javob, urinish 1/5]
+7  (jami 484/3000)
[aylanish 4 · 5/12] mutaxassislik "1.5. Sanoq sistemalari" ... +14  (jami 498/3000)
[aylanish 4 · 6/12] mutaxassislik "1.6. Algoritmlash" ... +8  (jami 506/3000)
[aylanish 4 · 7/12] mutaxassislik "1.7. Dasturlash asoslari: Scratc" ... +9  (jami 515/3000)
[aylanish 4 · 8/12] mutaxassislik "1.8. Dasturlash: Python va JavaS" ... +14  (jami 529/3000)
[aylanish 4 · 9/12] mutaxassislik "1.9. Ma'lumotlar bazasi asoslari" ... +10  (jami 539/3000)
[aylanish 4 · 10/12] mutaxassislik "1.10. Grafika va veb-texnologiya" ... +4  (jami 543/3000)
[aylanish 4 · 11/12] mutaxassislik "1.11. Kompyuter tarmoqlari va in" ... +3  (jami 546/3000)
[aylanish 4 · 12/12] mutaxassislik "1.12. Axborot xavfsizligi va raq" ... +14  (jami 560/3000)
[aylanish 5 · 1/12] mutaxassislik "1.1. Axborot va raqamli savodxon" ... +7  (jami 567/3000)
[aylanish 5 · 2/12] mutaxassislik "1.2. Kompyuter tizimlari va dast" ... +12  (jami 579/3000)
[aylanish 5 · 3/12] mutaxassislik "1.3. Amaliy ofis dasturlari: MS " ... +11  (jami 590/3000)
[aylanish 5 · 4/12] mutaxassislik "1.4. Mantiqiy mulohazalar va mod" ... +3  (jami 593/3000)
[aylanish 5 · 5/12] mutaxassislik "1.5. Sanoq sistemalari" ... +13  (jami 606/3000)
[aylanish 5 · 6/12] mutaxassislik "1.6. Algoritmlash" ... +13  (jami 619/3000)
[aylanish 5 · 7/12] mutaxassislik "1.7. Dasturlash asoslari: Scratc" ... +12  (jami 631/3000)
[aylanish 5 · 8/12] mutaxassislik "1.8. Dasturlash: Python va JavaS" ... +15  (jami 646/3000)
[aylanish 5 · 9/12] mutaxassislik "1.9. Ma'lumotlar bazasi asoslari" ... +12  (jami 658/3000)
[aylanish 5 · 10/12] mutaxassislik "1.10. Grafika va veb-texnologiya" ... +14  (jami 672/3000)
[aylanish 5 · 11/12] mutaxassislik "1.11. Kompyuter tarmoqlari va in" ... +9  (jami 681/3000)
[aylanish 5 · 12/12] mutaxassislik "1.12. Axborot xavfsizligi va raq" ... +8  (jami 689/3000)
[aylanish 6 · 1/12] mutaxassislik "1.1. Axborot va raqamli savodxon" ... +11  (jami 700/3000)
[aylanish 6 · 2/12] mutaxassislik "1.2. Kompyuter tizimlari va dast" ... +13  (jami 713/3000)
[aylanish 6 · 3/12] mutaxassislik "1.3. Amaliy ofis dasturlari: MS " ... +13  (jami 726/3000)
[aylanish 6 · 4/12] mutaxassislik "1.4. Mantiqiy mulohazalar va mod" ... +8  (jami 734/3000)
[aylanish 6 · 5/12] mutaxassislik "1.5. Sanoq sistemalari" ... +10  (jami 744/3000)
[aylanish 6 · 6/12] mutaxassislik "1.6. Algoritmlash" ... +10  (jami 754/3000)
[aylanish 6 · 7/12] mutaxassislik "1.7. Dasturlash asoslari: Scratc" ... +12  (jami 766/3000)
[aylanish 6 · 8/12] mutaxassislik "1.8. Dasturlash: Python va JavaS" ... +7  (jami 773/3000)
[aylanish 6 · 9/12] mutaxassislik "1.9. Ma'lumotlar bazasi asoslari" ... +3  (jami 776/3000)
[aylanish 6 · 10/12] mutaxassislik "1.10. Grafika va veb-texnologiya" ... +10  (jami 786/3000)
[aylanish 6 · 11/12] mutaxassislik "1.11. Kompyuter tarmoqlari va in" ... +12  (jami 798/3000)
[aylanish 6 · 12/12] mutaxassislik "1.12. Axborot xavfsizligi va raq" ... +9  (jami 807/3000)
[aylanish 7 · 1/12] mutaxassislik "1.1. Axborot va raqamli savodxon" ... +9  (jami 816/3000)
[aylanish 7 · 2/12] mutaxassislik "1.2. Kompyuter tizimlari va dast" ... +6  (jami 822/3000)
[aylanish 7 · 3/12] mutaxassislik "1.3. Amaliy ofis dasturlari: MS " ... [Limit/Error 429, kalit index: 14, urinish 1/5]
🔄 Keyingi API kalitga o'tilmoqda: index 15
+7  (jami 829/3000)
[aylanish 7 · 4/12] mutaxassislik "1.4. Mantiqiy mulohazalar va mod" ... +9  (jami 838/3000)
[aylanish 7 · 5/12] mutaxassislik "1.5. Sanoq sistemalari" ... +3  (jami 841/3000)
[aylanish 7 · 6/12] mutaxassislik "1.6. Algoritmlash" ... +12  (jami 853/3000)
[aylanish 7 · 7/12] mutaxassislik "1.7. Dasturlash asoslari: Scratc" ... +10  (jami 863/3000)
[aylanish 7 · 8/12] mutaxassislik "1.8. Dasturlash: Python va JavaS" ... +10  (jami 873/3000)
[aylanish 7 · 9/12] mutaxassislik "1.9. Ma'lumotlar bazasi asoslari" ... +14  (jami 887/3000)
[aylanish 7 · 10/12] mutaxassislik "1.10. Grafika va veb-texnologiya" ... +13  (jami 900/3000)
[aylanish 7 · 11/12] mutaxassislik "1.11. Kompyuter tarmoqlari va in" ... +7  (jami 907/3000)
[aylanish 7 · 12/12] mutaxassislik "1.12. Axborot xavfsizligi va raq" ... +11  (jami 918/3000)
[aylanish 8 · 1/12] mutaxassislik "1.1. Axborot va raqamli savodxon" ... +10  (jami 928/3000)
[aylanish 8 · 2/12] mutaxassislik "1.2. Kompyuter tizimlari va dast" ... +12  (jami 940/3000)
[aylanish 8 · 3/12] mutaxassislik "1.3. Amaliy ofis dasturlari: MS " ... +7  (jami 947/3000)
[aylanish 8 · 4/12] mutaxassislik "1.4. Mantiqiy mulohazalar va mod" ... +7  (jami 954/3000)
[aylanish 8 · 5/12] mutaxassislik "1.5. Sanoq sistemalari" ... +4  (jami 958/3000)
[aylanish 8 · 6/12] mutaxassislik "1.6. Algoritmlash" ... +14  (jami 972/3000)
[aylanish 8 · 7/12] mutaxassislik "1.7. Dasturlash asoslari: Scratc" ... +12  (jami 984/3000)
[aylanish 8 · 8/12] mutaxassislik "1.8. Dasturlash: Python va JavaS" ... +13  (jami 997/3000)
[aylanish 8 · 9/12] mutaxassislik "1.9. Ma'lumotlar bazasi asoslari" ... +14  (jami 1011/3000)
[aylanish 8 · 10/12] mutaxassislik "1.10. Grafika va veb-texnologiya" ... +11  (jami 1022/3000)
[aylanish 8 · 11/12] mutaxassislik "1.11. Kompyuter tarmoqlari va in" ... +8  (jami 1030/3000)
[aylanish 8 · 12/12] mutaxassislik "1.12. Axborot xavfsizligi va raq" ... +11  (jami 1041/3000)
[aylanish 9 · 1/12] mutaxassislik "1.1. Axborot va raqamli savodxon" ... +7  (jami 1048/3000)
[aylanish 9 · 2/12] mutaxassislik "1.2. Kompyuter tizimlari va dast" ... +12  (jami 1060/3000)
[aylanish 9 · 3/12] mutaxassislik "1.3. Amaliy ofis dasturlari: MS " ... +15  (jami 1075/3000)
[aylanish 9 · 4/12] mutaxassislik "1.4. Mantiqiy mulohazalar va mod" ... +9  (jami 1084/3000)
[aylanish 9 · 5/12] mutaxassislik "1.5. Sanoq sistemalari" ... +3  (jami 1087/3000)
[aylanish 9 · 6/12] mutaxassislik "1.6. Algoritmlash" ... +10  (jami 1097/3000)
[aylanish 9 · 7/12] mutaxassislik "1.7. Dasturlash asoslari: Scratc" ...   darslik grounding: scratch/info_book.txt (1035 oyna) — mutaxassislik mavzulariga qo'shiladi
  ↩ Davom ettirish: 1097 ta savol yuklandi
▶ Informatika va AT: maqsad 3000 (hozir 1097), 12 bo'lim, model zai-glm-4.7
   manba: scratch/info_spec_clean.txt | few-shot langar: 5 ta [namuna: informatika_savollar.json] | dedup baza: 1097
[aylanish 1 · 1/12] mutaxassislik "1.1. Axborot va raqamli savodxon" ... +11  (jami 1108/3000)
[aylanish 1 · 2/12] mutaxassislik "1.2. Kompyuter tizimlari va dast" ... +13  (jami 1121/3000)
[aylanish 1 · 3/12] mutaxassislik "1.3. Amaliy ofis dasturlari: MS " ... +11  (jami 1132/3000)
[aylanish 1 · 4/12] mutaxassislik "1.4. Mantiqiy mulohazalar va mod" ... +8  (jami 1140/3000)
[aylanish 1 · 5/12] mutaxassislik "1.5. Sanoq sistemalari" ... +15  (jami 1155/3000)
[aylanish 1 · 6/12] mutaxassislik "1.6. Algoritmlash" ... +8  (jami 1163/3000)
[aylanish 1 · 7/12] mutaxassislik "1.7. Dasturlash asoslari: Scratc" ... +8  (jami 1171/3000)
[aylanish 1 · 8/12] mutaxassislik "1.8. Dasturlash: Python va JavaS" ... +9  (jami 1180/3000)
[aylanish 1 · 9/12] mutaxassislik "1.9. Ma'lumotlar bazasi asoslari" ... +9  (jami 1189/3000)
[aylanish 1 · 10/12] mutaxassislik "1.10. Grafika va veb-texnologiya" ... +14  (jami 1203/3000)
[aylanish 1 · 11/12] mutaxassislik "1.11. Kompyuter tarmoqlari va in" ... +14  (jami 1217/3000)
[aylanish 1 · 12/12] mutaxassislik "1.12. Axborot xavfsizligi va raq" ... [Bo'sh javob, urinish 1/5]
+8  (jami 1225/3000)
[aylanish 2 · 1/12] mutaxassislik "1.1. Axborot va raqamli savodxon" ... +2  (jami 1227/3000)
[aylanish 2 · 2/12] mutaxassislik "1.2. Kompyuter tizimlari va dast" ... +11  (jami 1238/3000)
[aylanish 2 · 3/12] mutaxassislik "1.3. Amaliy ofis dasturlari: MS " ... +13  (jami 1251/3000)
[aylanish 2 · 4/12] mutaxassislik "1.4. Mantiqiy mulohazalar va mod" ... +5  (jami 1256/3000)
[aylanish 2 · 5/12] mutaxassislik "1.5. Sanoq sistemalari" ... +6  (jami 1262/3000)
[aylanish 2 · 6/12] mutaxassislik "1.6. Algoritmlash" ... +10  (jami 1272/3000)
[aylanish 2 · 7/12] mutaxassislik "1.7. Dasturlash asoslari: Scratc" ... +11  (jami 1283/3000)
[aylanish 2 · 8/12] mutaxassislik "1.8. Dasturlash: Python va JavaS" ... +5  (jami 1288/3000)
[aylanish 2 · 9/12] mutaxassislik "1.9. Ma'lumotlar bazasi asoslari" ... +13  (jami 1301/3000)
[aylanish 2 · 10/12] mutaxassislik "1.10. Grafika va veb-texnologiya" ... +4  (jami 1305/3000)
[aylanish 2 · 11/12] mutaxassislik "1.11. Kompyuter tarmoqlari va in" ... +8  (jami 1313/3000)
[aylanish 2 · 12/12] mutaxassislik "1.12. Axborot xavfsizligi va raq" ... +9  (jami 1322/3000)
[aylanish 3 · 1/12] mutaxassislik "1.1. Axborot va raqamli savodxon" ... +11  (jami 1333/3000)
[aylanish 3 · 2/12] mutaxassislik "1.2. Kompyuter tizimlari va dast" ... +12  (jami 1345/3000)
[aylanish 3 · 3/12] mutaxassislik "1.3. Amaliy ofis dasturlari: MS " ... +2  (jami 1347/3000)
[aylanish 3 · 4/12] mutaxassislik "1.4. Mantiqiy mulohazalar va mod" ... +6  (jami 1353/3000)
[aylanish 3 · 5/12] mutaxassislik "1.5. Sanoq sistemalari" ... +12  (jami 1365/3000)
[aylanish 3 · 6/12] mutaxassislik "1.6. Algoritmlash" ... +9  (jami 1374/3000)
[aylanish 3 · 7/12] mutaxassislik "1.7. Dasturlash asoslari: Scratc" ... +13  (jami 1387/3000)
[aylanish 3 · 8/12] mutaxassislik "1.8. Dasturlash: Python va JavaS" ... +9  (jami 1396/3000)
[aylanish 3 · 9/12] mutaxassislik "1.9. Ma'lumotlar bazasi asoslari" ... +4  (jami 1400/3000)
[aylanish 3 · 10/12] mutaxassislik "1.10. Grafika va veb-texnologiya" ... +14  (jami 1414/3000)
[aylanish 3 · 11/12] mutaxassislik "1.11. Kompyuter tarmoqlari va in" ... +5  (jami 1419/3000)
[aylanish 3 · 12/12] mutaxassislik "1.12. Axborot xavfsizligi va raq" ... +8  (jami 1427/3000)
[aylanish 4 · 1/12] mutaxassislik "1.1. Axborot va raqamli savodxon" ... +3  (jami 1430/3000)
[aylanish 4 · 2/12] mutaxassislik "1.2. Kompyuter tizimlari va dast" ... +10  (jami 1440/3000)
[aylanish 4 · 3/12] mutaxassislik "1.3. Amaliy ofis dasturlari: MS " ... +15  (jami 1455/3000)
[aylanish 4 · 4/12] mutaxassislik "1.4. Mantiqiy mulohazalar va mod" ... +8  (jami 1463/3000)
[aylanish 4 · 5/12] mutaxassislik "1.5. Sanoq sistemalari" ... +11  (jami 1474/3000)
[aylanish 4 · 6/12] mutaxassislik "1.6. Algoritmlash" ... +12  (jami 1486/3000)
[aylanish 4 · 7/12] mutaxassislik "1.7. Dasturlash asoslari: Scratc" ... +11  (jami 1497/3000)
[aylanish 4 · 8/12] mutaxassislik "1.8. Dasturlash: Python va JavaS" ... +13  (jami 1510/3000)
[aylanish 4 · 9/12] mutaxassislik "1.9. Ma'lumotlar bazasi asoslari" ... +7  (jami 1517/3000)
[aylanish 4 · 10/12] mutaxassislik "1.10. Grafika va veb-texnologiya" ... +8  (jami 1525/3000)
[aylanish 4 · 11/12] mutaxassislik "1.11. Kompyuter tarmoqlari va in" ... +10  (jami 1535/3000)
[aylanish 4 · 12/12] mutaxassislik "1.12. Axborot xavfsizligi va raq" ... +10  (jami 1545/3000)
[aylanish 5 · 1/12] mutaxassislik "1.1. Axborot va raqamli savodxon" ... +4  (jami 1549/3000)
[aylanish 5 · 2/12] mutaxassislik "1.2. Kompyuter tizimlari va dast" ... +7  (jami 1556/3000)
[aylanish 5 · 3/12] mutaxassislik "1.3. Amaliy ofis dasturlari: MS " ... +9  (jami 1565/3000)
[aylanish 5 · 4/12] mutaxassislik "1.4. Mantiqiy mulohazalar va mod" ... +7  (jami 1572/3000)
[aylanish 5 · 5/12] mutaxassislik "1.5. Sanoq sistemalari" ... +13  (jami 1585/3000)
[aylanish 5 · 6/12] mutaxassislik "1.6. Algoritmlash" ... +9  (jami 1594/3000)
[aylanish 5 · 7/12] mutaxassislik "1.7. Dasturlash asoslari: Scratc" ... +9  (jami 1603/3000)
[aylanish 5 · 8/12] mutaxassislik "1.8. Dasturlash: Python va JavaS" ... +10  (jami 1613/3000)
[aylanish 5 · 9/12] mutaxassislik "1.9. Ma'lumotlar bazasi asoslari" ... +6  (jami 1619/3000)
[aylanish 5 · 10/12] mutaxassislik "1.10. Grafika va veb-texnologiya" ... +11  (jami 1630/3000)
[aylanish 5 · 11/12] mutaxassislik "1.11. Kompyuter tarmoqlari va in" ... +12  (jami 1642/3000)
[aylanish 5 · 12/12] mutaxassislik "1.12. Axborot xavfsizligi va raq" ... +13  (jami 1655/3000)
[aylanish 6 · 1/12] mutaxassislik "1.1. Axborot va raqamli savodxon" ... +10  (jami 1665/3000)
[aylanish 6 · 2/12] mutaxassislik "1.2. Kompyuter tizimlari va dast" ... +14  (jami 1679/3000)
[aylanish 6 · 3/12] mutaxassislik "1.3. Amaliy ofis dasturlari: MS " ... +13  (jami 1692/3000)
[aylanish 6 · 4/12] mutaxassislik "1.4. Mantiqiy mulohazalar va mod" ... +13  (jami 1705/3000)
[aylanish 6 · 5/12] mutaxassislik "1.5. Sanoq sistemalari" ... +13  (jami 1718/3000)
[aylanish 6 · 6/12] mutaxassislik "1.6. Algoritmlash" ... +10  (jami 1728/3000)
[aylanish 6 · 7/12] mutaxassislik "1.7. Dasturlash asoslari: Scratc" ... +6  (jami 1734/3000)
[aylanish 6 · 8/12] mutaxassislik "1.8. Dasturlash: Python va JavaS" ... +11  (jami 1745/3000)
[aylanish 6 · 9/12] mutaxassislik "1.9. Ma'lumotlar bazasi asoslari" ... +12  (jami 1757/3000)
[aylanish 6 · 10/12] mutaxassislik "1.10. Grafika va veb-texnologiya" ... +1  (jami 1758/3000)
[aylanish 6 · 11/12] mutaxassislik "1.11. Kompyuter tarmoqlari va in" ... +13  (jami 1771/3000)
[aylanish 6 · 12/12] mutaxassislik "1.12. Axborot xavfsizligi va raq" ... +8  (jami 1779/3000)
[aylanish 7 · 1/12] mutaxassislik "1.1. Axborot va raqamli savodxon" ... +12  (jami 1791/3000)
[aylanish 7 · 2/12] mutaxassislik "1.2. Kompyuter tizimlari va dast" ... +10  (jami 1801/3000)
[aylanish 7 · 3/12] mutaxassislik "1.3. Amaliy ofis dasturlari: MS " ... +13  (jami 1814/3000)
[aylanish 7 · 4/12] mutaxassislik "1.4. Mantiqiy mulohazalar va mod" ... +4  (jami 1818/3000)
[aylanish 7 · 5/12] mutaxassislik "1.5. Sanoq sistemalari" ... +14  (jami 1832/3000)
[aylanish 7 · 6/12] mutaxassislik "1.6. Algoritmlash" ... +9  (jami 1841/3000)
[aylanish 7 · 7/12] mutaxassislik "1.7. Dasturlash asoslari: Scratc" ... +12  (jami 1853/3000)
[aylanish 7 · 8/12] mutaxassislik "1.8. Dasturlash: Python va JavaS" ... +12  (jami 1865/3000)
[aylanish 7 · 9/12] mutaxassislik "1.9. Ma'lumotlar bazasi asoslari" ... +14  (jami 1879/3000)
[aylanish 7 · 10/12] mutaxassislik "1.10. Grafika va veb-texnologiya" ... +11  (jami 1890/3000)
[aylanish 7 · 11/12] mutaxassislik "1.11. Kompyuter tarmoqlari va in" ... +8  (jami 1898/3000)
[aylanish 7 · 12/12] mutaxassislik "1.12. Axborot xavfsizligi va raq" ... +8  (jami 1906/3000)
[aylanish 8 · 1/12] mutaxassislik "1.1. Axborot va raqamli savodxon" ... +9  (jami 1915/3000)
[aylanish 8 · 2/12] mutaxassislik "1.2. Kompyuter tizimlari va dast" ... +2  (jami 1917/3000)
[aylanish 8 · 3/12] mutaxassislik "1.3. Amaliy ofis dasturlari: MS " ... +7  (jami 1924/3000)
[aylanish 8 · 4/12] mutaxassislik "1.4. Mantiqiy mulohazalar va mod" ... +9  (jami 1933/3000)
[aylanish 8 · 5/12] mutaxassislik "1.5. Sanoq sistemalari" ... +9  (jami 1942/3000)
[aylanish 8 · 6/12] mutaxassislik "1.6. Algoritmlash" ... +12  (jami 1954/3000)
[aylanish 8 · 7/12] mutaxassislik "1.7. Dasturlash asoslari: Scratc" ... +12  (jami 1966/3000)
[aylanish 8 · 8/12] mutaxassislik "1.8. Dasturlash: Python va JavaS" ... +15  (jami 1981/3000)
[aylanish 8 · 9/12] mutaxassislik "1.9. Ma'lumotlar bazasi asoslari" ... +13  (jami 1994/3000)
[aylanish 8 · 10/12] mutaxassislik "1.10. Grafika va veb-texnologiya" ... +14  (jami 2008/3000)
[aylanish 8 · 11/12] mutaxassislik "1.11. Kompyuter tarmoqlari va in" ... +7  (jami 2015/3000)
[aylanish 8 · 12/12] mutaxassislik "1.12. Axborot xavfsizligi va raq" ... +8  (jami 2023/3000)
[aylanish 9 · 1/12] mutaxassislik "1.1. Axborot va raqamli savodxon" ... +6  (jami 2029/3000)
[aylanish 9 · 2/12] mutaxassislik "1.2. Kompyuter tizimlari va dast" ... +13  (jami 2042/3000)
[aylanish 9 · 3/12] mutaxassislik "1.3. Amaliy ofis dasturlari: MS " ... +9  (jami 2051/3000)
[aylanish 9 · 4/12] mutaxassislik "1.4. Mantiqiy mulohazalar va mod" ... +7  (jami 2058/3000)
[aylanish 9 · 5/12] mutaxassislik "1.5. Sanoq sistemalari" ... +8  (jami 2066/3000)
[aylanish 9 · 6/12] mutaxassislik "1.6. Algoritmlash" ... +10  (jami 2076/3000)
[aylanish 9 · 7/12] mutaxassislik "1.7. Dasturlash asoslari: Scratc" ... +14  (jami 2090/3000)
[aylanish 9 · 8/12] mutaxassislik "1.8. Dasturlash: Python va JavaS" ... +12  (jami 2102/3000)
[aylanish 9 · 9/12] mutaxassislik "1.9. Ma'lumotlar bazasi asoslari" ... +7  (jami 2109/3000)
[aylanish 9 · 10/12] mutaxassislik "1.10. Grafika va veb-texnologiya" ... +9  (jami 2118/3000)
[aylanish 9 · 11/12] mutaxassislik "1.11. Kompyuter tarmoqlari va in" ... +10  (jami 2128/3000)
[aylanish 9 · 12/12] mutaxassislik "1.12. Axborot xavfsizligi va raq" ... +6  (jami 2134/3000)
[aylanish 10 · 1/12] mutaxassislik "1.1. Axborot va raqamli savodxon" ... +5  (jami 2139/3000)
[aylanish 10 · 2/12] mutaxassislik "1.2. Kompyuter tizimlari va dast" ... +11  (jami 2150/3000)
[aylanish 10 · 3/12] mutaxassislik "1.3. Amaliy ofis dasturlari: MS " ... +9  (jami 2159/3000)
[aylanish 10 · 4/12] mutaxassislik "1.4. Mantiqiy mulohazalar va mod" ... +8  (jami 2167/3000)
[aylanish 10 · 5/12] mutaxassislik "1.5. Sanoq sistemalari" ... +13  (jami 2180/3000)
[aylanish 10 · 6/12] mutaxassislik "1.6. Algoritmlash" ... +11  (jami 2191/3000)
[aylanish 10 · 7/12] mutaxassislik "1.7. Dasturlash asoslari: Scratc" ... +10  (jami 2201/3000)
[aylanish 10 · 8/12] mutaxassislik "1.8. Dasturlash: Python va JavaS" ... +6  (jami 2207/3000)
[aylanish 10 · 9/12] mutaxassislik "1.9. Ma'lumotlar bazasi asoslari" ... +11  (jami 2218/3000)
[aylanish 10 · 10/12] mutaxassislik "1.10. Grafika va veb-texnologiya" ... +9  (jami 2227/3000)
[aylanish 10 · 11/12] mutaxassislik "1.11. Kompyuter tarmoqlari va in" ... +11  (jami 2238/3000)
[aylanish 10 · 12/12] mutaxassislik "1.12. Axborot xavfsizligi va raq" ... +6  (jami 2244/3000)
[aylanish 11 · 1/12] mutaxassislik "1.1. Axborot va raqamli savodxon" ... +6  (jami 2250/3000)
[aylanish 11 · 2/12] mutaxassislik "1.2. Kompyuter tizimlari va dast" ... +4  (jami 2254/3000)
[aylanish 11 · 3/12] mutaxassislik "1.3. Amaliy ofis dasturlari: MS " ... +12  (jami 2266/3000)
[aylanish 11 · 4/12] mutaxassislik "1.4. Mantiqiy mulohazalar va mod" ... +13  (jami 2279/3000)
[aylanish 11 · 5/12] mutaxassislik "1.5. Sanoq sistemalari" ... +10  (jami 2289/3000)
[aylanish 11 · 6/12] mutaxassislik "1.6. Algoritmlash" ... +11  (jami 2300/3000)
[aylanish 11 · 7/12] mutaxassislik "1.7. Dasturlash asoslari: Scratc" ... +13  (jami 2313/3000)
[aylanish 11 · 8/12] mutaxassislik "1.8. Dasturlash: Python va JavaS" ... +13  (jami 2326/3000)
[aylanish 11 · 9/12] mutaxassislik "1.9. Ma'lumotlar bazasi asoslari" ... +5  (jami 2331/3000)
[aylanish 11 · 10/12] mutaxassislik "1.10. Grafika va veb-texnologiya" ... +9  (jami 2340/3000)
[aylanish 11 · 11/12] mutaxassislik "1.11. Kompyuter tarmoqlari va in" ... +14  (jami 2354/3000)
[aylanish 11 · 12/12] mutaxassislik "1.12. Axborot xavfsizligi va raq" ... +11  (jami 2365/3000)
[aylanish 12 · 1/12] mutaxassislik "1.1. Axborot va raqamli savodxon" ... +6  (jami 2371/3000)
[aylanish 12 · 2/12] mutaxassislik "1.2. Kompyuter tizimlari va dast" ... +6  (jami 2377/3000)
[aylanish 12 · 3/12] mutaxassislik "1.3. Amaliy ofis dasturlari: MS " ... +8  (jami 2385/3000)
[aylanish 12 · 4/12] mutaxassislik "1.4. Mantiqiy mulohazalar va mod" ... +8  (jami 2393/3000)
[aylanish 12 · 5/12] mutaxassislik "1.5. Sanoq sistemalari" ... +12  (jami 2405/3000)
[aylanish 12 · 6/12] mutaxassislik "1.6. Algoritmlash" ... +11  (jami 2416/3000)
[aylanish 12 · 7/12] mutaxassislik "1.7. Dasturlash asoslari: Scratc" ... +10  (jami 2426/3000)
[aylanish 12 · 8/12] mutaxassislik "1.8. Dasturlash: Python va JavaS" ... +5  (jami 2431/3000)
[aylanish 12 · 9/12] mutaxassislik "1.9. Ma'lumotlar bazasi asoslari" ... +8  (jami 2439/3000)
[aylanish 12 · 10/12] mutaxassislik "1.10. Grafika va veb-texnologiya" ... +9  (jami 2448/3000)
[aylanish 12 · 11/12] mutaxassislik "1.11. Kompyuter tarmoqlari va in" ... +5  (jami 2453/3000)
[aylanish 12 · 12/12] mutaxassislik "1.12. Axborot xavfsizligi va raq" ... +9  (jami 2462/3000)
[aylanish 13 · 1/12] mutaxassislik "1.1. Axborot va raqamli savodxon" ... +6  (jami 2468/3000)
[aylanish 13 · 2/12] mutaxassislik "1.2. Kompyuter tizimlari va dast" ... +10  (jami 2478/3000)
[aylanish 13 · 3/12] mutaxassislik "1.3. Amaliy ofis dasturlari: MS " ... +15  (jami 2493/3000)
[aylanish 13 · 4/12] mutaxassislik "1.4. Mantiqiy mulohazalar va mod" ... +10  (jami 2503/3000)
[aylanish 13 · 5/12] mutaxassislik "1.5. Sanoq sistemalari" ... +12  (jami 2515/3000)
[aylanish 13 · 6/12] mutaxassislik "1.6. Algoritmlash" ... +7  (jami 2522/3000)
[aylanish 13 · 7/12] mutaxassislik "1.7. Dasturlash asoslari: Scratc" ... +12  (jami 2534/3000)
[aylanish 13 · 8/12] mutaxassislik "1.8. Dasturlash: Python va JavaS" ... +9  (jami 2543/3000)
[aylanish 13 · 9/12] mutaxassislik "1.9. Ma'lumotlar bazasi asoslari" ... +13  (jami 2556/3000)
[aylanish 13 · 10/12] mutaxassislik "1.10. Grafika va veb-texnologiya" ... +11  (jami 2567/3000)
[aylanish 13 · 11/12] mutaxassislik "1.11. Kompyuter tarmoqlari va in" ... +12  (jami 2579/3000)
[aylanish 13 · 12/12] mutaxassislik "1.12. Axborot xavfsizligi va raq" ... +5  (jami 2584/3000)
[aylanish 14 · 1/12] mutaxassislik "1.1. Axborot va raqamli savodxon" ... +7  (jami 2591/3000)
[aylanish 14 · 2/12] mutaxassislik "1.2. Kompyuter tizimlari va dast" ... +10  (jami 2601/3000)
[aylanish 14 · 3/12] mutaxassislik "1.3. Amaliy ofis dasturlari: MS " ... +14  (jami 2615/3000)
[aylanish 14 · 4/12] mutaxassislik "1.4. Mantiqiy mulohazalar va mod" ... +8  (jami 2623/3000)
[aylanish 14 · 5/12] mutaxassislik "1.5. Sanoq sistemalari" ... +13  (jami 2636/3000)
[aylanish 14 · 6/12] mutaxassislik "1.6. Algoritmlash" ... +13  (jami 2649/3000)
[aylanish 14 · 7/12] mutaxassislik "1.7. Dasturlash asoslari: Scratc" ... +10  (jami 2659/3000)
[aylanish 14 · 8/12] mutaxassislik "1.8. Dasturlash: Python va JavaS" ... +14  (jami 2673/3000)
[aylanish 14 · 9/12] mutaxassislik "1.9. Ma'lumotlar bazasi asoslari" ... +5  (jami 2678/3000)
[aylanish 14 · 10/12] mutaxassislik "1.10. Grafika va veb-texnologiya" ... +9  (jami 2687/3000)
[aylanish 14 · 11/12] mutaxassislik "1.11. Kompyuter tarmoqlari va in" ... +8  (jami 2695/3000)
[aylanish 14 · 12/12] mutaxassislik "1.12. Axborot xavfsizligi va raq" ... +13  (jami 2708/3000)
[aylanish 15 · 1/12] mutaxassislik "1.1. Axborot va raqamli savodxon" ... +7  (jami 2715/3000)
[aylanish 15 · 2/12] mutaxassislik "1.2. Kompyuter tizimlari va dast" ... +12  (jami 2727/3000)
[aylanish 15 · 3/12] mutaxassislik "1.3. Amaliy ofis dasturlari: MS " ... +4  (jami 2731/3000)
[aylanish 15 · 4/12] mutaxassislik "1.4. Mantiqiy mulohazalar va mod" ... +6  (jami 2737/3000)
[aylanish 15 · 5/12] mutaxassislik "1.5. Sanoq sistemalari" ... +8  (jami 2745/3000)
[aylanish 15 · 6/12] mutaxassislik "1.6. Algoritmlash" ... [Bo'sh javob, urinish 1/5]
+8  (jami 2753/3000)
[aylanish 15 · 7/12] mutaxassislik "1.7. Dasturlash asoslari: Scratc" ... +8  (jami 2761/3000)
[aylanish 15 · 8/12] mutaxassislik "1.8. Dasturlash: Python va JavaS" ... +6  (jami 2767/3000)
[aylanish 15 · 9/12] mutaxassislik "1.9. Ma'lumotlar bazasi asoslari" ... +15  (jami 2782/3000)
[aylanish 15 · 10/12] mutaxassislik "1.10. Grafika va veb-texnologiya" ... +14  (jami 2796/3000)
[aylanish 15 · 11/12] mutaxassislik "1.11. Kompyuter tarmoqlari va in" ... +12  (jami 2808/3000)
[aylanish 15 · 12/12] mutaxassislik "1.12. Axborot xavfsizligi va raq" ... +6  (jami 2814/3000)
[aylanish 16 · 1/12] mutaxassislik "1.1. Axborot va raqamli savodxon" ... +12  (jami 2826/3000)
[aylanish 16 · 2/12] mutaxassislik "1.2. Kompyuter tizimlari va dast" ... +11  (jami 2837/3000)
[aylanish 16 · 3/12] mutaxassislik "1.3. Amaliy ofis dasturlari: MS " ... +14  (jami 2851/3000)
[aylanish 16 · 4/12] mutaxassislik "1.4. Mantiqiy mulohazalar va mod" ... +10  (jami 2861/3000)
[aylanish 16 · 5/12] mutaxassislik "1.5. Sanoq sistemalari" ... [API xato: The operation was aborted due to timeout, urinish 1/5]
🔄 API xato tufayli keyingi API kalitga o'tilmoqda: index 9
+12  (jami 2873/3000)
[aylanish 16 · 6/12] mutaxassislik "1.6. Algoritmlash" ... +10  (jami 2883/3000)
[aylanish 16 · 7/12] mutaxassislik "1.7. Dasturlash asoslari: Scratc" ... +14  (jami 2897/3000)
[aylanish 16 · 8/12] mutaxassislik "1.8. Dasturlash: Python va JavaS" ... +13  (jami 2910/3000)
[aylanish 16 · 9/12] mutaxassislik "1.9. Ma'lumotlar bazasi asoslari" ... +12  (jami 2922/3000)
[aylanish 16 · 10/12] mutaxassislik "1.10. Grafika va veb-texnologiya" ... +12  (jami 2934/3000)
[aylanish 16 · 11/12] mutaxassislik "1.11. Kompyuter tarmoqlari va in" ... +10  (jami 2944/3000)
[aylanish 16 · 12/12] mutaxassislik "1.12. Axborot xavfsizligi va raq" ... +5  (jami 2949/3000)
[aylanish 17 · 1/12] mutaxassislik "1.1. Axborot va raqamli savodxon" ... +9  (jami 2958/3000)
[aylanish 17 · 2/12] mutaxassislik "1.2. Kompyuter tizimlari va dast" ... +7  (jami 2965/3000)
[aylanish 17 · 3/12] mutaxassislik "1.3. Amaliy ofis dasturlari: MS " ... +10  (jami 2975/3000)
[aylanish 17 · 4/12] mutaxassislik "1.4. Mantiqiy mulohazalar va mod" ... +9  (jami 2984/3000)
[aylanish 17 · 5/12] mutaxassislik "1.5. Sanoq sistemalari" ... +5  (jami 2989/3000)
[aylanish 17 · 6/12] mutaxassislik "1.6. Algoritmlash" ... +10  (jami 2999/3000)
[aylanish 17 · 7/12] mutaxassislik "1.7. Dasturlash asoslari: Scratc" ... +13  (jami 3012/3000)

✓ Jami: 3012/3000 (single 2232, matching 263, sequence 212) | takror: 43 | yaroqsiz: 457 | format-cap skip: 0
   → fan\informatika\gen_api_progress.json
