[22:05:29] ===== MTT2 GEN START (tarbiyachi||rahbar, 27 kalit, lane=14/13) =====
[22:05:29] ▶ mtt_tarbiyachi/mutaxassislik iter 1: 0/2300 ...
[22:05:29] ▶ mtt_rahbar/mutaxassislik iter 1: 0/2300 ...

✓ Jami: 2300/2300 (single 1508, matching 237, sequence 184) | takror: 40 | yaroqsiz: 631 | format-cap skip: 0 | ifloslanish rad: 0
   → fan/mtt_rahbar/gen_mut.json
[00:05:45] ✓ mtt_rahbar/mutaxassislik DONE 2300/2300
[00:05:45] ▶ mtt_rahbar/pedagogika,kasb iter 1: 0/600 ...

✓ Jami: 2302/2300 (single 1453, matching 279, sequence 181) | takror: 16 | yaroqsiz: 771 | format-cap skip: 43 | ifloslanish rad: 0
   → fan/mtt_tarbiyachi/gen_mut.json
[00:18:44] ✓ mtt_tarbiyachi/mutaxassislik DONE 2302/2300
[00:18:44] ▶ mtt_tarbiyachi/pedagogika,kasb iter 1: 0/600 ...

✓ Jami: 606/600 (single 379, matching 60, sequence 60) | takror: 0 | yaroqsiz: 273 | format-cap skip: 0 | ifloslanish rad: 1
   → fan/mtt_rahbar/gen_pedkasb.json
[00:40:00] ✓ mtt_rahbar/pedagogika,kasb DONE 606/600
[00:40:00] ★ mtt_rahbar LANE TUGADI: mut=2300 pedkasb=606

✓ Jami: 606/600 (single 399, matching 58, sequence 59) | takror: 0 | yaroqsiz: 222 | format-cap skip: 0 | ifloslanish rad: 4
   → fan/mtt_tarbiyachi/gen_pedkasb.json
[00:50:54] ✓ mtt_tarbiyachi/pedagogika,kasb DONE 606/600
[00:50:54] ★ mtt_tarbiyachi LANE TUGADI: mut=2302 pedkasb=606
[00:50:54] ===== HAMMA GEN TUGADI =====
tarbiyachi: mut=2302 pedkasb=606
rahbar:     mut=2300 pedkasb=606
