[20:45:00] ===== AUDIT FAZA-2 START (psixolog 9 kalit, logoped 18 kalit) =====
[20:53:12] mtt_psixolog qisman (2257), qayta 1 ...
[20:55:08] ✓ mtt_psixolog AUDIT DONE — shubhali: 30
[21:22:43] mtt_logoped qisman (1978), qayta 1 ...
[21:33:13] mtt_logoped qisman (2246), qayta 2 ...
[21:35:24] mtt_logoped qisman (2290), qayta 3 ...
[21:35:47] mtt_logoped qisman (2302), qayta 4 ...
[21:35:51] mtt_logoped qisman (2302), qayta 5 ...
[21:35:55] mtt_logoped qisman (2302), qayta 6 ...
[21:35:59] mtt_logoped qisman (2302), qayta 7 ...
[21:36:03] mtt_logoped qisman (2302), qayta 8 ...
[21:36:07] mtt_logoped qisman (2302), qayta 9 ...
[21:36:10] mtt_logoped qisman (2302), qayta 10 ...
[21:36:14] mtt_logoped qisman (2302), qayta 11 ...
[21:36:19] mtt_logoped qisman (2302), qayta 12 ...
[21:36:23] mtt_logoped qisman (2302), qayta 13 ...
[21:36:27] mtt_logoped qisman (2302), qayta 14 ...
[21:36:31] mtt_logoped qisman (2302), qayta 15 ...
[21:36:31] ===== FAZA-2 TUGADI =====
  mtt_psixolog: 2301 tekshirildi, 30 shubhali
  mtt_logoped: 2302 tekshirildi, 52 shubhali
