
### jismoniy_tarbiya audit → 604 (tekshirilgan 0) ###
▶ Hakam: jami 604, tekshirilgan 0, navbatda 604 (model zai-glm-4.7)
[1-5/604] ... ok (shubhali jami: 0)
[6-10/604] ... ok (shubhali jami: 0)
[11-15/604] ... ok (shubhali jami: 0)
[16-20/604] ... ok (shubhali jami: 0)
[21-25/604] ... ok (shubhali jami: 0)
[26-30/604] ... ok (shubhali jami: 0)
[31-35/604] ... ok (shubhali jami: 0)
[36-40/604] ... ok (shubhali jami: 0)
[41-45/604] ... ok (shubhali jami: 0)
[46-50/604] ... ok (shubhali jami: 0)
[51-55/604] ... ok (shubhali jami: 0)
[56-60/604] ... ok (shubhali jami: 0)
[61-65/604] ... ok (shubhali jami: 0)
[66-70/604] ... ok (shubhali jami: 0)
[71-75/604] ... ok (shubhali jami: 0)
[76-80/604] ... ok (shubhali jami: 0)
[81-85/604] ... ok (shubhali jami: 0)
[86-90/604] ... ok (shubhali jami: 0)
[91-95/604] ... ok (shubhali jami: 0)
[96-100/604] ... ok (shubhali jami: 0)
[101-105/604] ... ok (shubhali jami: 0)
[106-110/604] ... ok (shubhali jami: 0)
[111-115/604] ... ok (shubhali jami: 0)
[116-120/604] ... ok (shubhali jami: 0)
[121-125/604] ... ok (shubhali jami: 0)
[126-130/604] ... ok (shubhali jami: 0)
[131-135/604] ... ok (shubhali jami: 0)
[136-140/604] ... ok (shubhali jami: 0)
[141-145/604] ... ok (shubhali jami: 0)
[146-150/604] ... ok (shubhali jami: 0)
[151-155/604] ... ok (shubhali jami: 0)
[156-160/604] ... ok (shubhali jami: 0)
[161-165/604] ... ok (shubhali jami: 0)
[166-170/604] ... ok (shubhali jami: 0)
[171-175/604] ... ok (shubhali jami: 0)
[176-180/604] ... ok (shubhali jami: 0)
[181-185/604] ... ok (shubhali jami: 0)
[186-190/604] ... ok (shubhali jami: 0)
[191-195/604] ... ok (shubhali jami: 0)
[196-200/604] ... ok (shubhali jami: 0)
[201-205/604] ... ok (shubhali jami: 0)
[206-210/604] ... ok (shubhali jami: 0)
[211-215/604] ... ok (shubhali jami: 0)
[216-220/604] ... ok (shubhali jami: 0)
[221-225/604] ... ok (shubhali jami: 0)
[226-230/604] ... ok (shubhali jami: 0)
[231-235/604] ... ok (shubhali jami: 0)
[236-240/604] ... ok (shubhali jami: 0)
[241-245/604] ... ok (shubhali jami: 0)
[246-250/604] ... ok (shubhali jami: 0)
[251-255/604] ... ok (shubhali jami: 0)
[256-260/604] ... ok (shubhali jami: 0)
[261-265/604] ... ok (shubhali jami: 0)
[266-270/604] ... ok (shubhali jami: 0)
[271-275/604] ... ok (shubhali jami: 0)
[276-280/604] ... ok (shubhali jami: 0)
[281-285/604] ... ok (shubhali jami: 1)
[286-290/604] ... ok (shubhali jami: 1)
[291-295/604] ... ok (shubhali jami: 1)
[296-300/604] ... ok (shubhali jami: 2)
[301-305/604] ... ok (shubhali jami: 2)
[306-310/604] ... ok (shubhali jami: 2)
[311-315/604] ... ok (shubhali jami: 2)
[316-320/604] ... ok (shubhali jami: 2)
[321-325/604] ... ok (shubhali jami: 2)
[326-330/604] ... ok (shubhali jami: 2)
[331-335/604] ... ok (shubhali jami: 2)
[336-340/604] ... ok (shubhali jami: 2)
[341-345/604] ... ok (shubhali jami: 2)
[346-350/604] ... ok (shubhali jami: 2)
[351-355/604] ... ok (shubhali jami: 2)
[356-360/604] ... ok (shubhali jami: 2)
[361-365/604] ... ok (shubhali jami: 2)
[366-370/604] ... ok (shubhali jami: 2)
[371-375/604] ... ok (shubhali jami: 2)
[376-380/604] ... ok (shubhali jami: 2)
[381-385/604] ... ok (shubhali jami: 2)
[386-390/604] ... ok (shubhali jami: 2)
[391-395/604] ... ok (shubhali jami: 2)
[396-400/604] ... ok (shubhali jami: 2)
[401-405/604] ... ok (shubhali jami: 2)
[406-410/604] ... ok (shubhali jami: 2)
[411-415/604] ... ok (shubhali jami: 2)
[416-420/604] ... ok (shubhali jami: 2)
[421-425/604] ... ok (shubhali jami: 2)
[426-430/604] ... ok (shubhali jami: 2)
[431-435/604] ... ok (shubhali jami: 2)
[436-440/604] ... ok (shubhali jami: 2)
[441-445/604] ... ok (shubhali jami: 2)
[446-450/604] ... ok (shubhali jami: 2)
[451-455/604] ... ok (shubhali jami: 2)
[456-460/604] ... ok (shubhali jami: 2)
[461-465/604] ... ok (shubhali jami: 2)
[466-470/604] ... ok (shubhali jami: 4)
[471-475/604] ... ok (shubhali jami: 4)
[476-480/604] ... ok (shubhali jami: 4)
[481-485/604] ... ok (shubhali jami: 4)
[486-490/604] ... ok (shubhali jami: 4)
[491-495/604] ... ok (shubhali jami: 4)
[496-500/604] ... ok (shubhali jami: 4)
[501-505/604] ... ok (shubhali jami: 4)
[506-510/604] ... ok (shubhali jami: 4)
[511-515/604] ... ok (shubhali jami: 4)
[516-520/604] ... ok (shubhali jami: 4)
[521-525/604] ... ok (shubhali jami: 4)
[526-530/604] ... ok (shubhali jami: 4)
[531-535/604] ... ok (shubhali jami: 4)
[536-540/604] ... ok (shubhali jami: 4)
[541-545/604] ... ok (shubhali jami: 4)
[546-550/604] ... ok (shubhali jami: 4)
[551-555/604] ... ok (shubhali jami: 4)
[556-560/604] ... ok (shubhali jami: 4)
[561-565/604] ... ok (shubhali jami: 4)
[566-570/604] ... ok (shubhali jami: 4)
[571-575/604] ... ok (shubhali jami: 4)
[576-580/604] ... ok (shubhali jami: 4)
[581-585/604] ... ok (shubhali jami: 4)
[586-590/604] ... ok (shubhali jami: 4)
[591-595/604] ... ok (shubhali jami: 4)
[596-600/604] ... ok (shubhali jami: 4)
[601-604/604] ... ok (shubhali jami: 4)

✓ Tekshirildi: 604/604 | SHUBHALI: 4
Hisobot: pipeline/verify_report_jismoniy_ped5.json

--- SHUBHALILAR (birinchi 20) ---
✗ id=281: Variant (e) 'xavfli mashqlardan o'tkazib yuborish' (tashlab ketish) tibbiy jihatdan to'g'ri bo'lishiga qaramay, javobga kiritilmagan. Izohda variant mazmoni noto'g'ri talqin qilingan.
   Jismoniy imkoniyati cheklangan o'quvchi sinfdoshlari bilan birga futbol darsida 
✗ id=300: Savolda faktik xato mavjud: basketbolda to'pni bosh bilan uzatish texnikasi o'rgatilmaydi (bu futbol o'yini texnikasiga xos).
   Basketbol darsida o'qituvchi o'quvchilarga 'to'pni bosh bilan uzatish' texnikasi
✗ id=466: Balandlikka sakrash sportida tayanch zona 'do'ira' deb atalmaydi (bu otish sportiga xos). Shuningdek, yengil atletika qoidalariga ko'ra, sakrash zonasiga kirib, sakrash amalga oshirmasdan to'xtash (agar yer tegmasa) odatda urinish (sinov) hisoblanmaydi, balki vaqt hisoblanadi.
   Maktab musobaqalarida balandlikka sakrash bo'yicha sportchi tayanch zonasiga (do
✗ id=468: Izohda keltirilgan 'Brass uslubida qo'llarni suv ostida orqaga tortishda tirsaklar cho'zilgan (buklmagan) bo'lishi kerak' degan fikr suzish texnikasiga zid. To'g'ri texnikada suvni tortish uchun tirsaklar bukiladi, cho'zilgan qo'l bilan suzish samarasiz hisoblanadi.
   Suzish bo'yicha mashg'ulotda o'quvchi 'Brass' uslubida suzayotganda, suvga tushi

### boshlangich audit → 606 (tekshirilgan 0) ###
▶ Hakam: jami 606, tekshirilgan 0, navbatda 606 (model zai-glm-4.7)
[1-5/606] ... ok (shubhali jami: 0)
[6-10/606] ... ok (shubhali jami: 0)
[11-15/606] ... ok (shubhali jami: 0)
[16-20/606] ... ok (shubhali jami: 0)
[21-25/606] ... ok (shubhali jami: 0)
[26-30/606] ... ok (shubhali jami: 0)
[31-35/606] ... ok (shubhali jami: 0)
[36-40/606] ... ok (shubhali jami: 0)
[41-45/606] ... ok (shubhali jami: 0)
[46-50/606] ... ok (shubhali jami: 0)
[51-55/606] ... ok (shubhali jami: 0)
[56-60/606] ... ok (shubhali jami: 0)
[61-65/606] ... ok (shubhali jami: 0)
[66-70/606] ... ok (shubhali jami: 0)
[71-75/606] ... ok (shubhali jami: 0)
[76-80/606] ... ok (shubhali jami: 0)
[81-85/606] ... ok (shubhali jami: 0)
[86-90/606] ... ok (shubhali jami: 0)
[91-95/606] ... ok (shubhali jami: 0)
[96-100/606] ... ok (shubhali jami: 0)
[101-105/606] ... ok (shubhali jami: 0)
[106-110/606] ... ok (shubhali jami: 0)
[111-115/606] ... ok (shubhali jami: 0)
[116-120/606] ... ok (shubhali jami: 0)
[121-125/606] ... ok (shubhali jami: 0)
[126-130/606] ... ok (shubhali jami: 0)
[131-135/606] ... ok (shubhali jami: 0)
[136-140/606] ... ok (shubhali jami: 0)
[141-145/606] ... ok (shubhali jami: 0)
[146-150/606] ... ok (shubhali jami: 0)
[151-155/606] ... ok (shubhali jami: 0)
[156-160/606] ... ok (shubhali jami: 0)
[161-165/606] ... ok (shubhali jami: 0)
[166-170/606] ... ok (shubhali jami: 0)
[171-175/606] ... ok (shubhali jami: 0)
[176-180/606] ... ok (shubhali jami: 0)
[181-185/606] ... ok (shubhali jami: 0)
[186-190/606] ... ok (shubhali jami: 0)
[191-195/606] ... ok (shubhali jami: 0)
[196-200/606] ... ok (shubhali jami: 0)
[201-205/606] ... ok (shubhali jami: 0)
[206-210/606] ... [Limit/Error 429, kalit index: 19, urinish 1/4]
ok (shubhali jami: 0)
[211-215/606] ... ok (shubhali jami: 0)
[216-220/606] ... ok (shubhali jami: 0)
[221-225/606] ... ok (shubhali jami: 0)
[226-230/606] ... ok (shubhali jami: 0)
[231-235/606] ... ok (shubhali jami: 0)
[236-240/606] ... ok (shubhali jami: 0)
[241-245/606] ... ok (shubhali jami: 0)
[246-250/606] ... ok (shubhali jami: 0)
[251-255/606] ... ok (shubhali jami: 0)
[256-260/606] ... ok (shubhali jami: 0)
[261-265/606] ... ok (shubhali jami: 0)
[266-270/606] ... ok (shubhali jami: 0)
[271-275/606] ... ok (shubhali jami: 0)
[276-280/606] ... ok (shubhali jami: 0)
[281-285/606] ... ok (shubhali jami: 0)
[286-290/606] ... ok (shubhali jami: 0)
[291-295/606] ... ok (shubhali jami: 0)
[296-300/606] ... ok (shubhali jami: 0)
[301-305/606] ... ok (shubhali jami: 0)
[306-310/606] ... ok (shubhali jami: 0)
[311-315/606] ... ok (shubhali jami: 0)
[316-320/606] ... ok (shubhali jami: 0)
[321-325/606] ... ok (shubhali jami: 0)
[326-330/606] ... ok (shubhali jami: 0)
[331-335/606] ... ok (shubhali jami: 0)
[336-340/606] ... ok (shubhali jami: 0)
[341-345/606] ... ok (shubhali jami: 0)
[346-350/606] ... ok (shubhali jami: 0)
[351-355/606] ... ok (shubhali jami: 0)
[356-360/606] ... ok (shubhali jami: 0)
[361-365/606] ... ok (shubhali jami: 1)
[366-370/606] ... ok (shubhali jami: 1)
[371-375/606] ... ok (shubhali jami: 2)
[376-380/606] ... ok (shubhali jami: 2)
[381-385/606] ... ok (shubhali jami: 2)
[386-390/606] ... ok (shubhali jami: 2)
[391-395/606] ... ok (shubhali jami: 2)
[396-400/606] ... ok (shubhali jami: 2)
[401-405/606] ... ok (shubhali jami: 2)
[406-410/606] ... ok (shubhali jami: 2)
[411-415/606] ... ok (shubhali jami: 2)
[416-420/606] ... ok (shubhali jami: 2)
[421-425/606] ... ok (shubhali jami: 2)
[426-430/606] ... ok (shubhali jami: 2)
[431-435/606] ... ok (shubhali jami: 2)
[436-440/606] ... ok (shubhali jami: 2)
[441-445/606] ... ok (shubhali jami: 2)
[446-450/606] ... ok (shubhali jami: 2)
[451-455/606] ... ok (shubhali jami: 2)
[456-460/606] ... ok (shubhali jami: 2)
[461-465/606] ... ok (shubhali jami: 2)
[466-470/606] ... ok (shubhali jami: 2)
[471-475/606] ... ok (shubhali jami: 2)
[476-480/606] ... ok (shubhali jami: 2)
[481-485/606] ... ok (shubhali jami: 2)
[486-490/606] ... ok (shubhali jami: 2)
[491-495/606] ... ok (shubhali jami: 2)
[496-500/606] ... ok (shubhali jami: 2)
[501-505/606] ... ok (shubhali jami: 2)
[506-510/606] ... ok (shubhali jami: 2)
[511-515/606] ... ok (shubhali jami: 2)
[516-520/606] ... ok (shubhali jami: 2)
[521-525/606] ... ok (shubhali jami: 2)
[526-530/606] ... ok (shubhali jami: 2)
[531-535/606] ... ok (shubhali jami: 2)
[536-540/606] ... ok (shubhali jami: 2)
[541-545/606] ... ok (shubhali jami: 2)
[546-550/606] ... ok (shubhali jami: 2)
[551-555/606] ... ok (shubhali jami: 2)
[556-560/606] ... ok (shubhali jami: 2)
[561-565/606] ... ok (shubhali jami: 2)
[566-570/606] ... ok (shubhali jami: 2)
[571-575/606] ... ok (shubhali jami: 2)
[576-580/606] ... ok (shubhali jami: 2)
[581-585/606] ... ok (shubhali jami: 2)
[586-590/606] ... ok (shubhali jami: 2)
[591-595/606] ... ok (shubhali jami: 2)
[596-600/606] ... ok (shubhali jami: 2)
[601-605/606] ... ok (shubhali jami: 2)
[606-606/606] ... ok (shubhali jami: 2)

✓ Tekshirildi: 606/606 | SHUBHALI: 2
Hisobot: pipeline/verify_report_boshlangich_ped5.json

--- SHUBHALILAR (birinchi 20) ---
✗ id=364: Sinfda tartibni saqlay olmaslik va o'quvchilarga nisbatan jahl chiqarish o'qituvchining 'Organizator qobiliyat'ining yetishmasligini ko'rsatadi. 'Avtoritar qobiliyat' (majburlash) zamonaviy pedagogikada rivojlantiriladigan ijobiy ko'nikma hisoblanmaydi. To'g'ri javob D variantidir.
   2-sinf o'qituvchisi darsni mazmunli o'tishga tayyorgarlik ko'rgan, ammo dars bos
✗ id=372: Savolda berilgan ta'rif (noma'lumdan ma'lumlarga o'tish) 'Analitik usul'ga xos, ammo javob sifatida noto'g'ri tarzda 'Sintetik usul' belgilangan.
   Masalani yechishda talab qilinadigan noma'lum kattalikdan boshlab, berilgan katt

### ona_tili audit → 425 (tekshirilgan 0) ###
▶ Hakam: jami 425, tekshirilgan 0, navbatda 425 (model zai-glm-4.7)
[1-5/425] ... ok (shubhali jami: 0)
[6-10/425] ... ok (shubhali jami: 0)
[11-15/425] ... ok (shubhali jami: 1)
[16-20/425] ... ok (shubhali jami: 1)
[21-25/425] ... ok (shubhali jami: 2)
[26-30/425] ... ok (shubhali jami: 2)
[31-35/425] ... ok (shubhali jami: 2)
[36-40/425] ... ok (shubhali jami: 2)
[41-45/425] ... ok (shubhali jami: 2)
[46-50/425] ... ok (shubhali jami: 2)
[51-55/425] ... ok (shubhali jami: 2)
[56-60/425] ... ok (shubhali jami: 2)
[61-65/425] ... ok (shubhali jami: 2)
[66-70/425] ... ok (shubhali jami: 2)
[71-75/425] ... ok (shubhali jami: 2)
[76-80/425] ... ok (shubhali jami: 2)
[81-85/425] ... ok (shubhali jami: 2)
[86-90/425] ... ok (shubhali jami: 2)
[91-95/425] ... ok (shubhali jami: 2)
[96-100/425] ... ok (shubhali jami: 2)
[101-105/425] ... ok (shubhali jami: 2)
[106-110/425] ... ok (shubhali jami: 2)
[111-115/425] ... ok (shubhali jami: 2)
[116-120/425] ... ok (shubhali jami: 2)
[121-125/425] ... ok (shubhali jami: 2)
[126-130/425] ... ok (shubhali jami: 2)
[131-135/425] ... ok (shubhali jami: 2)
[136-140/425] ... ok (shubhali jami: 2)
[141-145/425] ... ok (shubhali jami: 2)
[146-150/425] ... ok (shubhali jami: 2)
[151-155/425] ... ok (shubhali jami: 2)
[156-160/425] ... ok (shubhali jami: 2)
[161-165/425] ... ok (shubhali jami: 2)
[166-170/425] ... ok (shubhali jami: 2)
[171-175/425] ... ok (shubhali jami: 2)
[176-180/425] ... ok (shubhali jami: 2)
[181-185/425] ... ok (shubhali jami: 2)
[186-190/425] ... ok (shubhali jami: 2)
[191-195/425] ... ok (shubhali jami: 2)
[196-200/425] ... ok (shubhali jami: 2)
[201-205/425] ... ok (shubhali jami: 2)
[206-210/425] ... ok (shubhali jami: 2)
[211-215/425] ... ok (shubhali jami: 2)
[216-220/425] ... ok (shubhali jami: 2)
[221-225/425] ... ok (shubhali jami: 2)
[226-230/425] ... ok (shubhali jami: 2)
[231-235/425] ... ok (shubhali jami: 2)
[236-240/425] ... ok (shubhali jami: 2)
[241-245/425] ... ok (shubhali jami: 2)
[246-250/425] ... ok (shubhali jami: 2)
[251-255/425] ... ok (shubhali jami: 2)
[256-260/425] ... ok (shubhali jami: 2)
[261-265/425] ... ok (shubhali jami: 2)
[266-270/425] ... ok (shubhali jami: 3)
[271-275/425] ... ok (shubhali jami: 3)
[276-280/425] ... ok (shubhali jami: 3)
[281-285/425] ... ok (shubhali jami: 3)
[286-290/425] ... ok (shubhali jami: 3)
[291-295/425] ... ok (shubhali jami: 3)
[296-300/425] ... ok (shubhali jami: 3)
[301-305/425] ... ok (shubhali jami: 3)
[306-310/425] ... ok (shubhali jami: 3)
[311-315/425] ... ok (shubhali jami: 3)
[316-320/425] ... ok (shubhali jami: 3)
[321-325/425] ... ok (shubhali jami: 3)
[326-330/425] ... ok (shubhali jami: 3)
[331-335/425] ... ok (shubhali jami: 3)
[336-340/425] ... ok (shubhali jami: 3)
[341-345/425] ... ok (shubhali jami: 3)
[346-350/425] ... ok (shubhali jami: 3)
[351-355/425] ... ok (shubhali jami: 3)
[356-360/425] ... ok (shubhali jami: 3)
[361-365/425] ... ok (shubhali jami: 3)
[366-370/425] ... ok (shubhali jami: 3)
[371-375/425] ... ok (shubhali jami: 3)
[376-380/425] ... ok (shubhali jami: 3)
[381-385/425] ... ok (shubhali jami: 3)
[386-390/425] ... ok (shubhali jami: 3)
[391-395/425] ... ok (shubhali jami: 3)
[396-400/425] ... ok (shubhali jami: 3)
[401-405/425] ... ok (shubhali jami: 3)
[406-410/425] ... ok (shubhali jami: 3)
[411-415/425] ... ok (shubhali jami: 3)
[416-420/425] ... ok (shubhali jami: 3)
[421-425/425] ... ok (shubhali jami: 3)

✓ Tekshirildi: 425/425 | SHUBHALI: 3
Hisobot: pipeline/verify_report_ona_tili_ped5.json

--- SHUBHALILAR (birinchi 20) ---
✗ id=13: Pedagogikada 'Avtoritar qobiliyat' degan standart atama yo'q (asosiy pedagogik qobiliyatlar: konstruktiv, organizatorlik, kommunikativ, gnostik). Izohda keltirilgan 'boshqaruv va intizomni ta'minlash' vazifasi 'Organizatorlik qobiliyatiga' xosdir. Atamaviy xato va variantlar o'rtasidagi ziddiyat mavjud.
   Ona tili o'qituvchisi darsga yuqori tayyorlanib kelgan, mavzuni zamonaviy metodl
✗ id=24: Savolda butun (asosiy g'oya)dan qismlarga (jumla, so'z) o'tish jarayoni tasvirlangan, bu Analitik usulga xosdir. Biroq belgilangan javob Sintetik usul deb ko'rsatilgan.
   O'qituvchi o'quvchilarga matnni tushunish vazifasini berib, avval matnning asosi
✗ id=268: Zamonaviy talablar asosida dars tuzilishi: Motivatsiya (2) -> Namunalar (4) -> Mezonlar (1) -> Guruhlarga bo'lish (3) bo'lishi kerak. Belgilangan A variantida mezonlar oxirida qoldirilgan va tartib buzilgan, C varianti (2, 4, 1, 3) mantiqan to'g'riroq.
   Ona tili o'qituvchisi 'Hikoya va qissa' janrlarini o'rgatish uchun darsni zamona

### biologiya audit → 610 (tekshirilgan 0) ###
▶ Hakam: jami 610, tekshirilgan 0, navbatda 610 (model zai-glm-4.7)
[1-5/610] ... ok (shubhali jami: 0)
[6-10/610] ... ok (shubhali jami: 0)
[11-15/610] ... ok (shubhali jami: 0)
[16-20/610] ... ok (shubhali jami: 1)
[21-25/610] ... ok (shubhali jami: 1)
[26-30/610] ... ok (shubhali jami: 1)
[31-35/610] ... ok (shubhali jami: 1)
[36-40/610] ... ok (shubhali jami: 1)
[41-45/610] ... ok (shubhali jami: 1)
[46-50/610] ... ok (shubhali jami: 1)
[51-55/610] ... ok (shubhali jami: 1)
[56-60/610] ... ok (shubhali jami: 1)
[61-65/610] ... ok (shubhali jami: 1)
[66-70/610] ... ok (shubhali jami: 1)
[71-75/610] ... ok (shubhali jami: 1)
[76-80/610] ... ok (shubhali jami: 2)
[81-85/610] ... ok (shubhali jami: 2)
[86-90/610] ... ok (shubhali jami: 2)
[91-95/610] ... ok (shubhali jami: 2)
[96-100/610] ... [Limit/Error 429, kalit index: 19, urinish 1/4]
ok (shubhali jami: 2)
[101-105/610] ... ok (shubhali jami: 2)
[106-110/610] ... ok (shubhali jami: 2)
[111-115/610] ... ok (shubhali jami: 2)
[116-120/610] ... ok (shubhali jami: 2)
[121-125/610] ... ok (shubhali jami: 2)
[126-130/610] ... ok (shubhali jami: 2)
[131-135/610] ... ok (shubhali jami: 2)
[136-140/610] ... ok (shubhali jami: 2)
[141-145/610] ... ok (shubhali jami: 2)
[146-150/610] ... ok (shubhali jami: 2)
[151-155/610] ... ok (shubhali jami: 2)
[156-160/610] ... ok (shubhali jami: 2)
[161-165/610] ... ok (shubhali jami: 2)
[166-170/610] ... ok (shubhali jami: 2)
[171-175/610] ... ok (shubhali jami: 2)
[176-180/610] ... ok (shubhali jami: 2)
[181-185/610] ... ok (shubhali jami: 2)
[186-190/610] ... ok (shubhali jami: 2)
[191-195/610] ... ok (shubhali jami: 3)
[196-200/610] ... ok (shubhali jami: 3)
[201-205/610] ... ok (shubhali jami: 3)
[206-210/610] ... [Limit/Error 429, kalit index: 20, urinish 1/4]
[Limit/Error 429, kalit index: 21, urinish 2/4]
ok (shubhali jami: 3)
[211-215/610] ... [Limit/Error 429, kalit index: 1, urinish 1/4]
[Limit/Error 429, kalit index: 2, urinish 2/4]
[Limit/Error 429, kalit index: 3, urinish 3/4]
[Limit/Error 429, kalit index: 4, urinish 4/4]
parse xato
[216-220/610] ... [Limit/Error 429, kalit index: 5, urinish 1/4]
[Limit/Error 429, kalit index: 6, urinish 2/4]
[Limit/Error 429, kalit index: 7, urinish 3/4]
[Limit/Error 429, kalit index: 8, urinish 4/4]
parse xato
[221-225/610] ... [Limit/Error 429, kalit index: 9, urinish 1/4]
[Limit/Error 429, kalit index: 10, urinish 2/4]
[Limit/Error 429, kalit index: 11, urinish 3/4]
[Limit/Error 429, kalit index: 12, urinish 4/4]
parse xato
[226-230/610] ... [Limit/Error 429, kalit index: 13, urinish 1/4]
[Limit/Error 429, kalit index: 14, urinish 2/4]
[Limit/Error 429, kalit index: 15, urinish 3/4]
ok (shubhali jami: 4)
[231-235/610] ... ok (shubhali jami: 4)
[236-240/610] ... [Limit/Error 429, kalit index: 18, urinish 1/4]
ok (shubhali jami: 4)
[241-245/610] ... ok (shubhali jami: 4)
[246-250/610] ... ok (shubhali jami: 4)
[251-255/610] ... ok (shubhali jami: 4)
[256-260/610] ... ok (shubhali jami: 4)
[261-265/610] ... ok (shubhali jami: 4)
[266-270/610] ... ok (shubhali jami: 4)
[271-275/610] ... ok (shubhali jami: 4)
[276-280/610] ... ok (shubhali jami: 4)
[281-285/610] ... ok (shubhali jami: 4)
[286-290/610] ... ok (shubhali jami: 4)
[291-295/610] ... ok (shubhali jami: 4)
[296-300/610] ... ok (shubhali jami: 4)
[301-305/610] ... ok (shubhali jami: 4)
[306-310/610] ... ok (shubhali jami: 4)
[311-315/610] ... ok (shubhali jami: 4)
[316-320/610] ... ok (shubhali jami: 4)
[321-325/610] ... ok (shubhali jami: 4)
[326-330/610] ... ok (shubhali jami: 4)
[331-335/610] ... ok (shubhali jami: 4)
[336-340/610] ... ok (shubhali jami: 4)
[341-345/610] ... ok (shubhali jami: 4)
[346-350/610] ... ok (shubhali jami: 5)
[351-355/610] ... ok (shubhali jami: 5)
[356-360/610] ... ok (shubhali jami: 5)
[361-365/610] ... ok (shubhali jami: 5)
[366-370/610] ... ok (shubhali jami: 5)
[371-375/610] ... ok (shubhali jami: 5)
[376-380/610] ... ok (shubhali jami: 5)
[381-385/610] ... ok (shubhali jami: 5)
[386-390/610] ... ok (shubhali jami: 5)
[391-395/610] ... ok (shubhali jami: 5)
[396-400/610] ... ok (shubhali jami: 5)
[401-405/610] ... ok (shubhali jami: 5)
[406-410/610] ... ok (shubhali jami: 5)
[411-415/610] ... ok (shubhali jami: 5)
[416-420/610] ... ok (shubhali jami: 5)
[421-425/610] ... ok (shubhali jami: 5)
[426-430/610] ... ok (shubhali jami: 5)
[431-435/610] ... ok (shubhali jami: 5)
[436-440/610] ... ok (shubhali jami: 5)
[441-445/610] ... ok (shubhali jami: 5)
[446-450/610] ... ok (shubhali jami: 5)
[451-455/610] ... ok (shubhali jami: 6)
[456-460/610] ... ok (shubhali jami: 6)
[461-465/610] ... ok (shubhali jami: 7)
[466-470/610] ... ok (shubhali jami: 7)
[471-475/610] ... ok (shubhali jami: 7)
[476-480/610] ... ok (shubhali jami: 7)
[481-485/610] ... ok (shubhali jami: 7)
[486-490/610] ... ok (shubhali jami: 7)
[491-495/610] ... ok (shubhali jami: 7)
[496-500/610] ... ok (shubhali jami: 7)
[501-505/610] ... ok (shubhali jami: 7)
[506-510/610] ... ok (shubhali jami: 7)
[511-515/610] ... ok (shubhali jami: 7)
[516-520/610] ... ok (shubhali jami: 7)
[521-525/610] ... ok (shubhali jami: 7)
[526-530/610] ... ok (shubhali jami: 7)
[531-535/610] ... ok (shubhali jami: 7)
[536-540/610] ... ok (shubhali jami: 7)
[541-545/610] ... ok (shubhali jami: 7)
[546-550/610] ... ok (shubhali jami: 7)
[551-555/610] ... ok (shubhali jami: 7)
[556-560/610] ... ok (shubhali jami: 7)
[561-565/610] ... ok (shubhali jami: 7)
[566-570/610] ... ok (shubhali jami: 7)
[571-575/610] ... ok (shubhali jami: 7)
[576-580/610] ... ok (shubhali jami: 7)
[581-585/610] ... ok (shubhali jami: 7)
[586-590/610] ... ok (shubhali jami: 7)
[591-595/610] ... ok (shubhali jami: 7)
[596-600/610] ... ok (shubhali jami: 7)
[601-605/610] ... ok (shubhali jami: 7)
[606-610/610] ... ok (shubhali jami: 7)

✓ Tekshirildi: 594/610 | SHUBHALI: 7
Hisobot: pipeline/verify_report_biologiya_ped5.json

--- SHUBHALILAR (birinchi 20) ---
✗ id=18: O'qituvchining o'quvchining xatosini sinf oldida kamsitmasdan, uning shaxsiyatini hurmat qilgan holda to'g'ri yo'l bilan tuzatishi — bu 'Pedagogik takt'ning (A variant) aniq ifodasidir. 'Pedagogik etika' (B variant) o'qituvchilikning axloqiy tamoyillari majmuasini anglatadi, ammo berilgan vaziyatdagi xulq-atvor takt bilan izohlanadi.
   Biologiya darsida o'quvchi 'Mitoz va Meyoz farqi' haqida noto'g'ri javob berdi. 
✗ id=77: Izohda 'Variant A' to'g'ri deb ko'rsatilgan, ammo belgilangan javob 'C'; shuningdek, B variant matni mantiqsiz (boshqa savoldan ko'chirilganga o'xshaydi).
   Laboratoriya ishi vaqtida o'quvchi ehtiyotsizlik oqibatida mikroskop tayog'ini s
✗ id=194: Savol matnida o'quvchining 'hayvonlar ham nafas oladi' degan to'g'ri fikri noto'g'ri deb berilgan, mantiqiy ziddiyat mavjud.
   Dars davomida o'quvchi 'Nafaqat odamlar, balki hayvonlar ham nafas oladi' degan 
✗ id=229: Savol matnida biologik faktik xato mavjud: qirqquloq (fern) sporali o'simlik bo'lib, u 'gulli' yoki 'ochiq urug'li' o'simliklar guruhiga kirmaydi.
   O'qituvchi biologiya darsida o'quvchilarga bir nechta o'simliklar (kaktus, niluf
✗ id=350: Belgilangan javob (D) xavfsizlik qoidalariga zid, chunki gaz sizib chiqqanda avval odamlarni evakuatsiya qilish (1) kerak, manbani izlash (3) emas. Shuningdek, izohda 'Variant A eng mantiqli' deyilgan, ammo javob D ko'rsatilgan.
   Biologiya laboratoriyasida gaz sizib chiqishi holatida o'qituvchi va o'quvchilar
✗ id=454: Savolda terminologik xato: 'Sukunat metodi' deb yozilgan, ammo berilgan ta'rif (savol-javob) 'Suhbat metodi'ga tegishli.
   Biologiya darsida qo'llaniladigan usullarni ularning ta'riflari bilan moslashtir
✗ id=465: Savolda keltirilgan a, d va e harakatlarining barchasi pedagogik jihatdan to'g'ri. A (a, d) va B (a, e) variantlari ikkalasi ham faqat to'g'ri harakatlarni o'z ichiga olgani uchun, javobni aniqlash imkonsiz (ikkita variant teng darajada to'g'ri).
   Biologiya o'qituvchisi 'Qon aylanish sistemasi' mavzusiga dars tayyorlayotganda,

### geografiya audit → 601 (tekshirilgan 0) ###
▶ Hakam: jami 601, tekshirilgan 0, navbatda 601 (model zai-glm-4.7)
[1-5/601] ... ok (shubhali jami: 0)
[6-10/601] ... ok (shubhali jami: 0)
[11-15/601] ... ok (shubhali jami: 1)
[16-20/601] ... ok (shubhali jami: 1)
[21-25/601] ... ok (shubhali jami: 1)
[26-30/601] ... ok (shubhali jami: 1)
[31-35/601] ... ok (shubhali jami: 1)
[36-40/601] ... ok (shubhali jami: 2)
[41-45/601] ... ok (shubhali jami: 2)
[46-50/601] ... ok (shubhali jami: 2)
[51-55/601] ... ok (shubhali jami: 2)
[56-60/601] ... ok (shubhali jami: 2)
[61-65/601] ... ok (shubhali jami: 2)
[66-70/601] ... ok (shubhali jami: 2)
[71-75/601] ... ok (shubhali jami: 2)
[76-80/601] ... ok (shubhali jami: 2)
[81-85/601] ... ok (shubhali jami: 2)
[86-90/601] ... ok (shubhali jami: 2)
[91-95/601] ... ok (shubhali jami: 2)
[96-100/601] ... ok (shubhali jami: 2)
[101-105/601] ... ok (shubhali jami: 2)
[106-110/601] ... ok (shubhali jami: 2)
[111-115/601] ... ok (shubhali jami: 2)
[116-120/601] ... ok (shubhali jami: 2)
[121-125/601] ... ok (shubhali jami: 2)
[126-130/601] ... ok (shubhali jami: 2)
[131-135/601] ... ok (shubhali jami: 2)
[136-140/601] ... ok (shubhali jami: 2)
[141-145/601] ... ok (shubhali jami: 2)
[146-150/601] ... ok (shubhali jami: 2)
[151-155/601] ... ok (shubhali jami: 2)
[156-160/601] ... ok (shubhali jami: 2)
[161-165/601] ... ok (shubhali jami: 2)
[166-170/601] ... ok (shubhali jami: 2)
[171-175/601] ... ok (shubhali jami: 2)
[176-180/601] ... ok (shubhali jami: 2)
[181-185/601] ... ok (shubhali jami: 2)
[186-190/601] ... ok (shubhali jami: 3)
[191-195/601] ... ok (shubhali jami: 3)
[196-200/601] ... ok (shubhali jami: 3)
[201-205/601] ... ok (shubhali jami: 3)
[206-210/601] ... ok (shubhali jami: 3)
[211-215/601] ... ok (shubhali jami: 3)
[216-220/601] ... ok (shubhali jami: 3)
[221-225/601] ... ok (shubhali jami: 3)
[226-230/601] ... ok (shubhali jami: 3)
[231-235/601] ... ok (shubhali jami: 3)
[236-240/601] ... ok (shubhali jami: 3)
[241-245/601] ... ok (shubhali jami: 3)
[246-250/601] ... ok (shubhali jami: 3)
[251-255/601] ... ok (shubhali jami: 3)
[256-260/601] ... ok (shubhali jami: 3)
[261-265/601] ... ok (shubhali jami: 3)
[266-270/601] ... ok (shubhali jami: 3)
[271-275/601] ... ok (shubhali jami: 3)
[276-280/601] ... ok (shubhali jami: 4)
[281-285/601] ... ok (shubhali jami: 4)
[286-290/601] ... ok (shubhali jami: 4)
[291-295/601] ... ok (shubhali jami: 4)
[296-300/601] ... ok (shubhali jami: 4)
[301-305/601] ... ok (shubhali jami: 4)
[306-310/601] ... ok (shubhali jami: 4)
[311-315/601] ... ok (shubhali jami: 4)
[316-320/601] ... ok (shubhali jami: 4)
[321-325/601] ... ok (shubhali jami: 4)
[326-330/601] ... ok (shubhali jami: 4)
[331-335/601] ... ok (shubhali jami: 4)
[336-340/601] ... ok (shubhali jami: 4)
[341-345/601] ... ok (shubhali jami: 4)
[346-350/601] ... ok (shubhali jami: 4)
[351-355/601] ... ok (shubhali jami: 4)
[356-360/601] ... ok (shubhali jami: 4)
[361-365/601] ... ok (shubhali jami: 4)
[366-370/601] ... ok (shubhali jami: 4)
[371-375/601] ... ok (shubhali jami: 4)
[376-380/601] ... ok (shubhali jami: 4)
[381-385/601] ... ok (shubhali jami: 4)
[386-390/601] ... ok (shubhali jami: 4)
[391-395/601] ... ok (shubhali jami: 4)
[396-400/601] ... ok (shubhali jami: 4)
[401-405/601] ... ok (shubhali jami: 4)
[406-410/601] ... ok (shubhali jami: 4)
[411-415/601] ... ok (shubhali jami: 4)
[416-420/601] ... ok (shubhali jami: 4)
[421-425/601] ... ok (shubhali jami: 4)
[426-430/601] ... ok (shubhali jami: 4)
[431-435/601] ... ok (shubhali jami: 4)
[436-440/601] ... ok (shubhali jami: 4)
[441-445/601] ... ok (shubhali jami: 4)
[446-450/601] ... ok (shubhali jami: 4)
[451-455/601] ... ok (shubhali jami: 4)
[456-460/601] ... ok (shubhali jami: 4)
[461-465/601] ... ok (shubhali jami: 4)
[466-470/601] ... ok (shubhali jami: 4)
[471-475/601] ... ok (shubhali jami: 4)
[476-480/601] ... ok (shubhali jami: 4)
[481-485/601] ... ok (shubhali jami: 4)
[486-490/601] ... ok (shubhali jami: 4)
[491-495/601] ... ok (shubhali jami: 4)
[496-500/601] ... ok (shubhali jami: 4)
[501-505/601] ... ok (shubhali jami: 4)
[506-510/601] ... ok (shubhali jami: 4)
[511-515/601] ... ok (shubhali jami: 4)
[516-520/601] ... ok (shubhali jami: 4)
[521-525/601] ... ok (shubhali jami: 4)
[526-530/601] ... ok (shubhali jami: 4)
[531-535/601] ... ok (shubhali jami: 4)
[536-540/601] ... ok (shubhali jami: 4)
[541-545/601] ... ok (shubhali jami: 4)
[546-550/601] ... ok (shubhali jami: 4)
[551-555/601] ... ok (shubhali jami: 4)
[556-560/601] ... ok (shubhali jami: 4)
[561-565/601] ... ok (shubhali jami: 4)
[566-570/601] ... ok (shubhali jami: 4)
[571-575/601] ... ok (shubhali jami: 4)
[576-580/601] ... ok (shubhali jami: 4)
[581-585/601] ... ok (shubhali jami: 4)
[586-590/601] ... ok (shubhali jami: 4)
[591-595/601] ... ok (shubhali jami: 4)
[596-600/601] ... ok (shubhali jami: 4)
[601-601/601] ... ok (shubhali jami: 4)

✓ Tekshirildi: 601/601 | SHUBHALI: 4
Hisobot: pipeline/verify_report_geografiya_ped5.json

--- SHUBHALILAR (birinchi 20) ---
✗ id=13: Savolda masalani qismlarga ajratish (analitik usul) ko'rsatilgan, ammo javob sintetik deb belgilangan. Izohda Analitik va Sintetik usul ta'riflari ham noto'g'ri (o'rniga almashtirib) berilgan.
   Geografiya o'qituvchisi o'quvchilarga 'Farg'ona vodiysida qaysi iqlim tipi hudud
✗ id=36: Pedagogikada maqsadlar asosan ta'limiy, tarbiyalovchi va rivojlantiruvchi turlarga bo'linadi. O'quvchida ko'nikma va malaka (masofa hisoblash, belgilarni aniqlash) shakllantirish 'Rivojlantiruvchi maqsad'ga tegishli. 'Amaliy maqsad' mustaqil maqsad turi sifatida o'quv qo'llanmalarida uchramaydi, shuning uchun to'g'ri javob B (Rivojlantiruvchi maqsad) bo'lishi kerak.
   O'qituvchi 'Topografik xarita' mavzusida 'O'quvchi topografik xarita bo'yicha sh
✗ id=188: Belgilangan javob noto'g'ri. Savolda tasvirlangan vaziyat (avval formulani, keyin ma'lumotlarni topish) Tahliliy (Analitik) usulga xos bo'lib, 'noma'lumdan ma'lumlarga' o'tishni ifodalaydi. Izohda Sintetik va Analitik usullarning ta'riflari noto'g'ri berilgan (almashtirib yuborilgan). To'g'ri javob D (Analitik usul) bo'lishi kerak.
   O'qituvchi o'quvchilarga 'O'zbekiston aholisi zichligini hisoblang' masalasini b
✗ id=278: Barcha materiklarni (7 ta) bir daqiqa ichida aytib berish 6-sinf o'quvchisi uchun 'imkonsiz' vazifa emas; javobni asoslovchi izoh faktik xatoga ega.
   O'qituvchi 6-sinf o'quvchilariga 'Matniklar' mavzusida 'Bir daqiqada dunyo xarit

=== AUDIT YAKUN ===
  jismoniy_tarbiya: 0/604
  boshlangich: 0/606
  ona_tili: 0/425
  biologiya: 0/610
  geografiya: 0/601
